#
# There is insufficient memory for the Java Runtime Environment to continue.
# Native memory allocation (malloc) failed to allocate 1759216 bytes. Error detail: Chunk::new
# Possible reasons:
#   The system is out of physical RAM or swap space
#   This process is running with CompressedOops enabled, and the Java Heap may be blocking the growth of the native heap
# Possible solutions:
#   Reduce memory load on the system
#   Increase physical memory or swap space
#   Check if swap backing store is full
#   Decrease Java heap size (-Xmx/-Xms)
#   Decrease number of Java threads
#   Decrease Java thread stack sizes (-Xss)
#   Set larger code cache with -XX:ReservedCodeCacheSize=
#   JVM is running with Unscaled Compressed Oops mode in which the Java heap is
#     placed in the first 4GB address space. The Java Heap base address is the
#     maximum limit for the native heap growth. Please use -XX:HeapBaseMinAddress
#     to set the Java Heap base and to place the Java Heap above 4GB virtual address.
# This output file may be truncated or incomplete.
#
#  Out of Memory Error (arena.cpp:168), pid=9332, tid=23548
#
# JRE version: OpenJDK Runtime Environment Temurin-21.0.12.1+1 (21.0.12.1+1) (build 21.0.12.1+1-LTS)
# Java VM: OpenJDK 64-Bit Server VM Temurin-21.0.12.1+1 (21.0.12.1+1-LTS, mixed mode, sharing, tiered, compressed oops, compressed class ptrs, parallel gc, windows-amd64)
# No core dump will be written. Minidumps are not enabled by default on client versions of Windows
#

---------------  S U M M A R Y ------------

Command Line: --add-modules=ALL-SYSTEM --add-opens=java.base/java.util=ALL-UNNAMED --add-opens=java.base/java.lang=ALL-UNNAMED --add-opens=java.base/sun.nio.fs=ALL-UNNAMED -Declipse.application=org.eclipse.jdt.ls.core.id1 -Dosgi.bundles.defaultStartLevel=4 -Declipse.product=org.eclipse.jdt.ls.core.product -Djava.import.generatesMetadataFilesAtProjectRoot=false -Dm2e.project.cache.size=50 -DDetectVMInstallationsJob.disabled=true -Dfile.encoding=utf8 -XX:+UseParallelGC -XX:GCTimeRatio=4 -XX:AdaptiveSizePolicyWeight=90 -Dsun.zip.disableMemoryMapping=true -Xmx2G -Xms100m -Xlog:disable -javaagent:c:\Users\ALBIN\.vscode\extensions\redhat.java-1.56.0-win32-x64\lombok\lombok-1.18.39-4050.jar -XX:+HeapDumpOnOutOfMemoryError -XX:HeapDumpPath=c:\Users\ALBIN\AppData\Roaming\Code\User\workspaceStorage\08ba82f765758e80f1dfaef0f2475030\redhat.java -Daether.dependencyCollector.impl=bf c:\Users\ALBIN\.vscode\extensions\redhat.java-1.56.0-win32-x64\server\plugins\org.eclipse.equinox.launcher_1.8.0.v20260804-1928.jar -configuration c:\Users\ALBIN\AppData\Roaming\Code\User\globalStorage\redhat.java\1.56.0\config_win -data c:\Users\ALBIN\AppData\Roaming\Code\User\workspaceStorage\08ba82f765758e80f1dfaef0f2475030\redhat.java\jdt_ws --stdio

Host: Intel(R) Core(TM) i5-7200U CPU @ 2.50GHz, 4 cores, 15G,  Windows 11 , 64 bit Build 26100 (10.0.26100.9444)
Time: Fri Oct  9 18:00:36 2026 India Standard Time elapsed time: 121.467982 seconds (0d 0h 2m 1s)

---------------  T H R E A D  ---------------

Current thread (0x00000231e2c56a70):  JavaThread "C2 CompilerThread0" daemon [_thread_in_native, id=23548, stack(0x000000d53f200000,0x000000d53f300000) (1024K)]


Current CompileTask:
C2:121468 12008       4       org.gradle.tooling.internal.adapter.ProtocolToModelAdapter$InvocationHandlerImpl::invoke (176 bytes)

Stack: [0x000000d53f200000,0x000000d53f300000]
Native frames: (J=compiled Java code, j=interpreted, Vv=VM code, C=native code)
V  [jvm.dll+0x6d83e9]
V  [jvm.dll+0x8b5736]
V  [jvm.dll+0x8b7cee]
V  [jvm.dll+0x8b83d3]
V  [jvm.dll+0x284596]
V  [jvm.dll+0xc685d]
V  [jvm.dll+0xc6da1]
V  [jvm.dll+0x3bf151]
V  [jvm.dll+0x38b6d2]
V  [jvm.dll+0x38ab1a]
V  [jvm.dll+0x24c700]
V  [jvm.dll+0x24bce0]
V  [jvm.dll+0x1cb4ae]
V  [jvm.dll+0x25baad]
V  [jvm.dll+0x25a03a]
V  [jvm.dll+0x3f8aae]
V  [jvm.dll+0x8600cd]
V  [jvm.dll+0x6d6c1d]
C  [ucrtbase.dll+0x2cd30]
C  [KERNEL32.DLL+0x2cd87]
C  [ntdll.dll+0xacaec]


---------------  P R O C E S S  ---------------

Threads class SMR info:
_java_thread_list=0x00000231c8956760, length=204, elements={
0x00000231e2d5b3b0, 0x00000231e2c489f0, 0x00000231e2c4be80, 0x00000231e2c4f770,
0x00000231e2c50650, 0x00000231e2c531c0, 0x00000231e2c53c20, 0x00000231e2c56a70,
0x00000231e2ccfe20, 0x00000231fa45aea0, 0x00000231fa637fb0, 0x00000231faa2d5e0,
0x00000231fa821180, 0x00000231fabf48b0, 0x00000231fae41eb0, 0x00000231fabc0690,
0x00000231fa71e0f0, 0x00000231fab83510, 0x00000231facc6210, 0x00000231facc82e0,
0x00000231facc7c50, 0x00000231facc4e60, 0x00000231facc5b80, 0x00000231facc75c0,
0x00000231facc54f0, 0x00000231c1845430, 0x00000231c1844710, 0x00000231c1842cd0,
0x00000231c1844da0, 0x00000231c1844080, 0x00000231c1845ac0, 0x00000231c1842640,
0x00000231c18467e0, 0x00000231c1843360, 0x00000231c1846e70, 0x00000231c1846150,
0x00000231c1847b90, 0x00000231c1847500, 0x00000231c18488b0, 0x00000231c1848220,
0x00000231c18495d0, 0x00000231c3f248a0, 0x00000231c3f25c50, 0x00000231c3f255c0,
0x00000231c3f26970, 0x00000231c3f24f30, 0x00000231c3f234f0, 0x00000231c3f28a40,
0x00000231c3f2a480, 0x00000231c1848f40, 0x00000231c8723b20, 0x00000231c8726fa0,
0x00000231c87241b0, 0x00000231c8727630, 0x00000231c8724840, 0x00000231c8729700,
0x00000231c8729070, 0x00000231c8726280, 0x00000231c87289e0, 0x00000231c8726910,
0x00000231c872aab0, 0x00000231c872b140, 0x00000231c3f290d0, 0x00000231c3958ad0,
0x00000231c3959e80, 0x00000231c395a510, 0x00000231c395cc70, 0x00000231c3958440,
0x00000231c395e6b0, 0x00000231c395c5e0, 0x00000231c39597f0, 0x00000231c395bf50,
0x00000231c4747070, 0x00000231c395d990, 0x00000231c3b27e00, 0x00000231c3b27770,
0x00000231c3b25d30, 0x00000231c3b2a560, 0x00000231c3b2b280, 0x00000231c3b2b910,
0x00000231c3b29840, 0x00000231c4747d90, 0x00000231c3b29ed0, 0x00000231c43027e0,
0x00000231c4301ac0, 0x00000231c4304220, 0x00000231c4306980, 0x00000231c46340c0,
0x00000231c4636eb0, 0x00000231c4636190, 0x00000231c43076a0, 0x00000231c3aae470,
0x00000231c39a1b80, 0x00000231c399fab0, 0x00000231c3aadde0, 0x00000231c84ba9c0,
0x00000231c84bbd70, 0x00000231c84b8f80, 0x00000231c84bde40, 0x00000231c84bd120,
0x00000231c84bf880, 0x00000231c84bff10, 0x00000231c2369530, 0x00000231c39ab270,
0x00000231c39a9830, 0x00000231c4302150, 0x00000231c43055d0, 0x00000231c39ae060,
0x00000231c39abf90, 0x00000231c4303b90, 0x00000231c3b256a0, 0x00000231c2501b70,
0x00000231c2500e50, 0x00000231c2502890, 0x00000231c25063a0, 0x00000231c2503c40,
0x00000231c2507750, 0x00000231c2507de0, 0x00000231c250bf80, 0x00000231c250ed70,
0x00000231c39a14f0, 0x00000231c39accb0, 0x00000231c84b9610, 0x00000231fac93000,
0x00000231c3f24210, 0x00000231c3f22e60, 0x00000231c395d300, 0x00000231c395b8c0,
0x00000231c39a42e0, 0x00000231c39a5d20, 0x00000231c3b26a50, 0x00000231c2509190,
0x00000231c25070c0, 0x00000231c2505d10, 0x00000231c4302e70, 0x00000231c4303500,
0x00000231c4304f40, 0x00000231c43062f0, 0x00000231c4300da0, 0x00000231c39a2210,
0x00000231c39a6a40, 0x00000231c4744910, 0x00000231c4744fa0, 0x00000231c23660b0,
0x00000231c2366dd0, 0x00000231c2368180, 0x00000231c2368810, 0x00000231c4637540,
0x00000231c3b28490, 0x00000231c3b25010, 0x00000231c3b28b20, 0x00000231c3b270e0,
0x00000231c3b2bfa0, 0x00000231c25042d0, 0x00000231c25014e0, 0x00000231c2509820,
0x00000231c250a540, 0x00000231c250abd0, 0x00000231c250f400, 0x00000231c25035b0,
0x00000231c250b260, 0x00000231c250fa90, 0x00000231c84bca90, 0x00000231c84b9ca0,
0x00000231c84be4d0, 0x00000231c84bb050, 0x00000231c84bb6e0, 0x00000231c84beb60,
0x00000231c84bf1f0, 0x00000231c84bc400, 0x00000231c84c05a0, 0x00000231fac91c50,
0x00000231fac908a0, 0x00000231fac90f30, 0x00000231fac92970, 0x00000231c39a35c0,
0x00000231c39a07d0, 0x00000231c39a5690, 0x00000231c39a2f30, 0x00000231c39a3c50,
0x00000231c39a0e60, 0x00000231c399f420, 0x00000231c39a8b10, 0x00000231c39a91a0,
0x00000231c39a70d0, 0x00000231c39a7760, 0x00000231c39a5000, 0x00000231c39aabe0,
0x00000231c39ae6f0, 0x00000231c39a7df0, 0x00000231c39a63b0, 0x00000231c39a4970,
0x00000231c39ad9d0, 0x00000231c39ad340, 0x00000231c25007c0, 0x00000231c2502f20,
0x00000231c4d3f9c0, 0x00000231c2504960, 0x00000231c2502200, 0x00000231c2504ff0,
0x00000231c2508470, 0x00000231c2508b00, 0x00000231c2505680, 0x00000231c250b8f0
}

Java Threads: ( => current thread )
  0x00000231e2d5b3b0 JavaThread "main"                              [_thread_blocked, id=26044, stack(0x000000d53e700000,0x000000d53e800000) (1024K)]
  0x00000231e2c489f0 JavaThread "Reference Handler"          daemon [_thread_blocked, id=26556, stack(0x000000d53ec00000,0x000000d53ed00000) (1024K)]
  0x00000231e2c4be80 JavaThread "Finalizer"                  daemon [_thread_blocked, id=26436, stack(0x000000d53ed00000,0x000000d53ee00000) (1024K)]
  0x00000231e2c4f770 JavaThread "Signal Dispatcher"          daemon [_thread_blocked, id=26592, stack(0x000000d53ee00000,0x000000d53ef00000) (1024K)]
  0x00000231e2c50650 JavaThread "Attach Listener"            daemon [_thread_blocked, id=27304, stack(0x000000d53ef00000,0x000000d53f000000) (1024K)]
  0x00000231e2c531c0 JavaThread "Service Thread"             daemon [_thread_blocked, id=27308, stack(0x000000d53f000000,0x000000d53f100000) (1024K)]
  0x00000231e2c53c20 JavaThread "Monitor Deflation Thread"   daemon [_thread_blocked, id=27312, stack(0x000000d53f100000,0x000000d53f200000) (1024K)]
=>0x00000231e2c56a70 JavaThread "C2 CompilerThread0"         daemon [_thread_in_native, id=23548, stack(0x000000d53f200000,0x000000d53f300000) (1024K)]
  0x00000231e2ccfe20 JavaThread "C1 CompilerThread0"         daemon [_thread_blocked, id=19296, stack(0x000000d53f300000,0x000000d53f400000) (1024K)]
  0x00000231fa45aea0 JavaThread "Common-Cleaner"             daemon [_thread_blocked, id=23756, stack(0x000000d53f400000,0x000000d53f500000) (1024K)]
  0x00000231fa637fb0 JavaThread "Notification Thread"        daemon [_thread_blocked, id=22180, stack(0x000000d53f500000,0x000000d53f600000) (1024K)]
  0x00000231faa2d5e0 JavaThread "Active Thread: Equinox Container: b4101f0c-401d-4b6c-9f15-748d7525ac7e"        [_thread_blocked, id=20832, stack(0x000000d53f600000,0x000000d53f700000) (1024K)]
  0x00000231fa821180 JavaThread "Refresh Thread: Equinox Container: b4101f0c-401d-4b6c-9f15-748d7525ac7e" daemon [_thread_blocked, id=11864, stack(0x000000d53fb00000,0x000000d53fc00000) (1024K)]
  0x00000231fabf48b0 JavaThread "Framework Event Dispatcher: Equinox Container: b4101f0c-401d-4b6c-9f15-748d7525ac7e" daemon [_thread_blocked, id=19760, stack(0x000000d53fa00000,0x000000d53fb00000) (1024K)]
  0x00000231fae41eb0 JavaThread "Start Level: Equinox Container: b4101f0c-401d-4b6c-9f15-748d7525ac7e" daemon [_thread_blocked, id=16676, stack(0x000000d53fc00000,0x000000d53fd00000) (1024K)]
  0x00000231fabc0690 JavaThread "Bundle File Closer"         daemon [_thread_blocked, id=23228, stack(0x000000d53fe00000,0x000000d53ff00000) (1024K)]
  0x00000231fa71e0f0 JavaThread "SCR Component Actor"        daemon [_thread_blocked, id=12344, stack(0x000000d53fd00000,0x000000d53fe00000) (1024K)]
  0x00000231fab83510 JavaThread "Worker-JM"                         [_thread_blocked, id=14112, stack(0x000000d53ff00000,0x000000d540000000) (1024K)]
  0x00000231facc6210 JavaThread "JNA Cleaner"                daemon [_thread_blocked, id=19520, stack(0x000000d540000000,0x000000d540100000) (1024K)]
  0x00000231facc82e0 JavaThread "Worker-0: Initialize workspace"        [_thread_blocked, id=28100, stack(0x000000d540100000,0x000000d540200000) (1024K)]
  0x00000231facc7c50 JavaThread "Worker-1: Initialize workspace"        [_thread_blocked, id=21052, stack(0x000000d540200000,0x000000d540300000) (1024K)]
  0x00000231facc4e60 JavaThread "Worker-2"                          [_thread_blocked, id=6472, stack(0x000000d540300000,0x000000d540400000) (1024K)]
  0x00000231facc5b80 JavaThread "Worker-3: Initialize workspace"        [_thread_blocked, id=21180, stack(0x000000d540400000,0x000000d540500000) (1024K)]
  0x00000231facc75c0 JavaThread "Java indexing"              daemon [_thread_blocked, id=4112, stack(0x000000d540600000,0x000000d540700000) (1024K)]
  0x00000231facc54f0 JavaThread "Worker-4"                          [_thread_blocked, id=14792, stack(0x000000d540700000,0x000000d540800000) (1024K)]
  0x00000231c1845430 JavaThread "Worker-5: Initialize workspace"        [_thread_blocked, id=22432, stack(0x000000d540900000,0x000000d540a00000) (1024K)]
  0x00000231c1844710 JavaThread "pool-2-thread-1"                   [_thread_blocked, id=21072, stack(0x000000d540b00000,0x000000d540c00000) (1024K)]
  0x00000231c1842cd0 JavaThread "WorkspaceEventsHandler"            [_thread_blocked, id=18176, stack(0x000000d540a00000,0x000000d540b00000) (1024K)]
  0x00000231c1844da0 JavaThread "pool-1-thread-1"                   [_thread_in_native, id=20820, stack(0x000000d540c00000,0x000000d540d00000) (1024K)]
  0x00000231c1844080 JavaThread "PatternSearchJob-worker-1"  daemon [_thread_blocked, id=11680, stack(0x000000d540d00000,0x000000d540e00000) (1024K)]
  0x00000231c1845ac0 JavaThread "PatternSearchJob-worker-2"  daemon [_thread_blocked, id=20172, stack(0x000000d540e00000,0x000000d540f00000) (1024K)]
  0x00000231c1842640 JavaThread "PatternSearchJob-worker-3"  daemon [_thread_blocked, id=4460, stack(0x000000d540f00000,0x000000d541000000) (1024K)]
  0x00000231c18467e0 JavaThread "Timer-0"                           [_thread_blocked, id=25284, stack(0x000000d541100000,0x000000d541200000) (1024K)]
  0x00000231c1843360 JavaThread "Timer-1"                           [_thread_blocked, id=25296, stack(0x000000d541300000,0x000000d541400000) (1024K)]
  0x00000231c1846e70 JavaThread "Timer-2"                           [_thread_blocked, id=6412, stack(0x000000d541200000,0x000000d541300000) (1024K)]
  0x00000231c1846150 JavaThread "Worker-6: Initialize workspace"        [_thread_blocked, id=21020, stack(0x000000d541000000,0x000000d541100000) (1024K)]
  0x00000231c1847b90 JavaThread "Timer-3"                           [_thread_blocked, id=19460, stack(0x000000d541600000,0x000000d541700000) (1024K)]
  0x00000231c1847500 JavaThread "Worker-7: Initialize workspace"        [_thread_blocked, id=20896, stack(0x000000d541700000,0x000000d541800000) (1024K)]
  0x00000231c18488b0 JavaThread "Timer-4"                           [_thread_blocked, id=22780, stack(0x000000d541800000,0x000000d541900000) (1024K)]
  0x00000231c1848220 JavaThread "Worker-8: Initialize workspace"        [_thread_blocked, id=20148, stack(0x000000d541900000,0x000000d541a00000) (1024K)]
  0x00000231c18495d0 JavaThread "Timer-5"                           [_thread_blocked, id=20992, stack(0x000000d541a00000,0x000000d541b00000) (1024K)]
  0x00000231c3f248a0 JavaThread "Timer-6"                           [_thread_blocked, id=15888, stack(0x000000d541b00000,0x000000d541c00000) (1024K)]
  0x00000231c3f25c50 JavaThread "Worker-9: Initialize workspace"        [_thread_blocked, id=16104, stack(0x000000d541500000,0x000000d541600000) (1024K)]
  0x00000231c3f255c0 JavaThread "Worker-10: Initialize workspace"        [_thread_blocked, id=19124, stack(0x000000d541c00000,0x000000d541d00000) (1024K)]
  0x00000231c3f26970 JavaThread "Timer-7"                           [_thread_blocked, id=19944, stack(0x000000d541e00000,0x000000d541f00000) (1024K)]
  0x00000231c3f24f30 JavaThread "Timer-8"                           [_thread_blocked, id=11704, stack(0x000000d541f00000,0x000000d542000000) (1024K)]
  0x00000231c3f234f0 JavaThread "Worker-11: Initialize workspace"        [_thread_blocked, id=21728, stack(0x000000d541d00000,0x000000d541e00000) (1024K)]
  0x00000231c3f28a40 JavaThread "Timer-9"                           [_thread_blocked, id=19468, stack(0x000000d542800000,0x000000d542900000) (1024K)]
  0x00000231c3f2a480 JavaThread "Worker-12: Initialize workspace"        [_thread_blocked, id=19796, stack(0x000000d542900000,0x000000d542a00000) (1024K)]
  0x00000231c1848f40 JavaThread "Timer-10"                          [_thread_blocked, id=15380, stack(0x000000d542c00000,0x000000d542d00000) (1024K)]
  0x00000231c8723b20 JavaThread "Worker-13: Initialize workspace"        [_thread_blocked, id=1904, stack(0x000000d542d00000,0x000000d542e00000) (1024K)]
  0x00000231c8726fa0 JavaThread "Timer-11"                          [_thread_blocked, id=18708, stack(0x000000d542f00000,0x000000d543000000) (1024K)]
  0x00000231c87241b0 JavaThread "Worker-14"                         [_thread_blocked, id=8928, stack(0x000000d543000000,0x000000d543100000) (1024K)]
  0x00000231c8727630 JavaThread "Worker-15: Initialize workspace"        [_thread_blocked, id=20488, stack(0x000000d543100000,0x000000d543200000) (1024K)]
  0x00000231c8724840 JavaThread "Timer-12"                          [_thread_blocked, id=21416, stack(0x000000d543200000,0x000000d543300000) (1024K)]
  0x00000231c8729700 JavaThread "Worker-16: Initialize workspace"        [_thread_blocked, id=24164, stack(0x000000d543300000,0x000000d543400000) (1024K)]
  0x00000231c8729070 JavaThread "Timer-13"                          [_thread_blocked, id=22496, stack(0x000000d543500000,0x000000d543600000) (1024K)]
  0x00000231c8726280 JavaThread "Worker-17: Initialize workspace"        [_thread_blocked, id=28668, stack(0x000000d543600000,0x000000d543700000) (1024K)]
  0x00000231c87289e0 JavaThread "Timer-14"                          [_thread_blocked, id=12836, stack(0x000000d543800000,0x000000d543900000) (1024K)]
  0x00000231c8726910 JavaThread "Worker-18: Initialize workspace"        [_thread_blocked, id=16856, stack(0x000000d543900000,0x000000d543a00000) (1024K)]
  0x00000231c872aab0 JavaThread "Timer-15"                          [_thread_blocked, id=18376, stack(0x000000d543b00000,0x000000d543c00000) (1024K)]
  0x00000231c872b140 JavaThread "Worker-19: Initialize workspace"        [_thread_blocked, id=19892, stack(0x000000d543c00000,0x000000d543d00000) (1024K)]
  0x00000231c3f290d0 JavaThread "Timer-16"                          [_thread_blocked, id=21836, stack(0x000000d543e00000,0x000000d543f00000) (1024K)]
  0x00000231c3958ad0 JavaThread "Worker-20: Initialize workspace"        [_thread_blocked, id=26604, stack(0x000000d543f00000,0x000000d544000000) (1024K)]
  0x00000231c3959e80 JavaThread "Timer-17"                          [_thread_blocked, id=8976, stack(0x000000d544100000,0x000000d544200000) (1024K)]
  0x00000231c395a510 JavaThread "Worker-21: Initialize workspace"        [_thread_blocked, id=19820, stack(0x000000d544200000,0x000000d544300000) (1024K)]
  0x00000231c395cc70 JavaThread "Timer-18"                          [_thread_blocked, id=16176, stack(0x000000d544500000,0x000000d544600000) (1024K)]
  0x00000231c3958440 JavaThread "Timer-19"                          [_thread_blocked, id=18548, stack(0x000000d544000000,0x000000d544100000) (1024K)]
  0x00000231c395e6b0 JavaThread "Worker-22: Initialize workspace"        [_thread_blocked, id=19960, stack(0x000000d544700000,0x000000d544800000) (1024K)]
  0x00000231c395c5e0 JavaThread "Timer-20"                          [_thread_blocked, id=19540, stack(0x000000d544900000,0x000000d544a00000) (1024K)]
  0x00000231c39597f0 JavaThread "Worker-23: Initialize workspace"        [_thread_blocked, id=22440, stack(0x000000d544a00000,0x000000d544b00000) (1024K)]
  0x00000231c395bf50 JavaThread "Timer-21"                          [_thread_blocked, id=18528, stack(0x000000d544d00000,0x000000d544e00000) (1024K)]
  0x00000231c4747070 JavaThread "Worker-24: Initialize workspace"        [_thread_blocked, id=1304, stack(0x000000d544e00000,0x000000d544f00000) (1024K)]
  0x00000231c395d990 JavaThread "Timer-22"                          [_thread_blocked, id=10888, stack(0x000000d546300000,0x000000d546400000) (1024K)]
  0x00000231c3b27e00 JavaThread "Worker-25: Initialize workspace"        [_thread_blocked, id=22652, stack(0x000000d544800000,0x000000d544900000) (1024K)]
  0x00000231c3b27770 JavaThread "Worker-26: Initialize workspace"        [_thread_blocked, id=16400, stack(0x000000d546600000,0x000000d546700000) (1024K)]
  0x00000231c3b25d30 JavaThread "Timer-23"                          [_thread_blocked, id=23252, stack(0x000000d546800000,0x000000d546900000) (1024K)]
  0x00000231c3b2a560 JavaThread "Timer-24"                          [_thread_blocked, id=24012, stack(0x000000d546e00000,0x000000d546f00000) (1024K)]
  0x00000231c3b2b280 JavaThread "Worker-27: Initialize workspace"        [_thread_blocked, id=24456, stack(0x000000d546f00000,0x000000d547000000) (1024K)]
  0x00000231c3b2b910 JavaThread "Timer-25"                          [_thread_blocked, id=24492, stack(0x000000d547200000,0x000000d547300000) (1024K)]
  0x00000231c3b29840 JavaThread "Worker-28: Initialize workspace"        [_thread_blocked, id=24528, stack(0x000000d547300000,0x000000d547400000) (1024K)]
  0x00000231c4747d90 JavaThread "Timer-26"                          [_thread_blocked, id=25024, stack(0x000000d547600000,0x000000d547700000) (1024K)]
  0x00000231c3b29ed0 JavaThread "Timer-27"                          [_thread_blocked, id=25736, stack(0x000000d548000000,0x000000d548100000) (1024K)]
  0x00000231c43027e0 JavaThread "Worker-29: Initialize workspace"        [_thread_blocked, id=25484, stack(0x000000d548100000,0x000000d548200000) (1024K)]
  0x00000231c4301ac0 JavaThread "Timer-28"                          [_thread_blocked, id=26552, stack(0x000000d548600000,0x000000d548700000) (1024K)]
  0x00000231c4304220 JavaThread "Worker-30: Initialize workspace"        [_thread_blocked, id=26612, stack(0x000000d548800000,0x000000d548900000) (1024K)]
  0x00000231c4306980 JavaThread "Timer-29"                          [_thread_blocked, id=27584, stack(0x000000d549000000,0x000000d549100000) (1024K)]
  0x00000231c46340c0 JavaThread "Worker-31: Initialize workspace"        [_thread_blocked, id=23124, stack(0x000000d549100000,0x000000d549200000) (1024K)]
  0x00000231c4636eb0 JavaThread "Worker-32: Initialize workspace"        [_thread_blocked, id=27964, stack(0x000000d549300000,0x000000d549400000) (1024K)]
  0x00000231c4636190 JavaThread "Timer-30"                          [_thread_blocked, id=19936, stack(0x000000d549700000,0x000000d549800000) (1024K)]
  0x00000231c43076a0 JavaThread "Worker-33: Initialize workspace"        [_thread_blocked, id=27092, stack(0x000000d549900000,0x000000d549a00000) (1024K)]
  0x00000231c3aae470 JavaThread "Timer-31"                          [_thread_blocked, id=25828, stack(0x000000d549d00000,0x000000d549e00000) (1024K)]
  0x00000231c39a1b80 JavaThread "Worker-34: Initialize workspace"        [_thread_blocked, id=26692, stack(0x000000d549e00000,0x000000d549f00000) (1024K)]
  0x00000231c399fab0 JavaThread "Timer-32"                          [_thread_blocked, id=19024, stack(0x000000d54ab00000,0x000000d54ac00000) (1024K)]
  0x00000231c3aadde0 JavaThread "Worker-35"                         [_thread_blocked, id=16984, stack(0x000000d549800000,0x000000d549900000) (1024K)]
  0x00000231c84ba9c0 JavaThread "Timer-33"                          [_thread_blocked, id=9680, stack(0x000000d54ce00000,0x000000d54cf00000) (1024K)]
  0x00000231c84bbd70 JavaThread "Worker-36: Initialize workspace"        [_thread_blocked, id=21244, stack(0x000000d54b800000,0x000000d54b900000) (1024K)]
  0x00000231c84b8f80 JavaThread "Connection worker"                 [_thread_blocked, id=9372, stack(0x000000d54c700000,0x000000d54c800000) (1024K)]
  0x00000231c84bde40 JavaThread "Timer-34"                          [_thread_blocked, id=21404, stack(0x000000d549c00000,0x000000d549d00000) (1024K)]
  0x00000231c84bd120 JavaThread "pool-42-thread-1"                  [_thread_blocked, id=26788, stack(0x000000d545000000,0x000000d545100000) (1024K)]
  0x00000231c84bf880 JavaThread "Worker-37: Initialize workspace"        [_thread_blocked, id=25512, stack(0x000000d54a300000,0x000000d54a400000) (1024K)]
  0x00000231c84bff10 JavaThread "Worker-38: Initialize workspace"        [_thread_blocked, id=18464, stack(0x000000d545700000,0x000000d545800000) (1024K)]
  0x00000231c2369530 JavaThread "Timer-35"                          [_thread_blocked, id=15336, stack(0x000000d544400000,0x000000d544500000) (1024K)]
  0x00000231c39ab270 JavaThread "Connection worker"                 [_thread_blocked, id=5784, stack(0x000000d549200000,0x000000d549300000) (1024K)]
  0x00000231c39a9830 JavaThread "Worker-39: Initialize workspace"        [_thread_blocked, id=19516, stack(0x000000d549600000,0x000000d549700000) (1024K)]
  0x00000231c4302150 JavaThread "Exec process"                      [_thread_in_native, id=16912, stack(0x000000d54a100000,0x000000d54a200000) (1024K)]
  0x00000231c43055d0 JavaThread "Worker-40"                         [_thread_blocked, id=10444, stack(0x000000d545f00000,0x000000d546000000) (1024K)]
  0x00000231c39ae060 JavaThread "pool-59-thread-1"                  [_thread_blocked, id=19128, stack(0x000000d547d00000,0x000000d547e00000) (1024K)]
  0x00000231c39abf90 JavaThread "Timer-36"                          [_thread_blocked, id=22264, stack(0x000000d548200000,0x000000d548300000) (1024K)]
  0x00000231c4303b90 JavaThread "Exec process Thread 2"             [_thread_blocked, id=14572, stack(0x000000d54b700000,0x000000d54b800000) (1024K)]
  0x00000231c3b256a0 JavaThread "Exec process"                      [_thread_in_native, id=28220, stack(0x000000d54b600000,0x000000d54b700000) (1024K)]
  0x00000231c2501b70 JavaThread "Exec process Thread 2"             [_thread_blocked, id=16440, stack(0x000000d54dd00000,0x000000d54de00000) (1024K)]
  0x00000231c2500e50 JavaThread "Connection worker"                 [_thread_blocked, id=7944, stack(0x000000d546d00000,0x000000d546e00000) (1024K)]
  0x00000231c2502890 JavaThread "Connection worker"                 [_thread_blocked, id=24552, stack(0x000000d542200000,0x000000d542300000) (1024K)]
  0x00000231c25063a0 JavaThread "Connection worker"                 [_thread_blocked, id=16416, stack(0x000000d542100000,0x000000d542200000) (1024K)]
  0x00000231c2503c40 JavaThread "pool-72-thread-1"                  [_thread_blocked, id=25576, stack(0x000000d544600000,0x000000d544700000) (1024K)]
  0x00000231c2507750 JavaThread "Exec process"                      [_thread_in_native, id=21188, stack(0x000000d545400000,0x000000d545500000) (1024K)]
  0x00000231c2507de0 JavaThread "pool-76-thread-1"                  [_thread_blocked, id=18324, stack(0x000000d545800000,0x000000d545900000) (1024K)]
  0x00000231c250bf80 JavaThread "pool-78-thread-1"                  [_thread_blocked, id=13228, stack(0x000000d543400000,0x000000d543500000) (1024K)]
  0x00000231c250ed70 JavaThread "Exec process"                      [_thread_in_native, id=20508, stack(0x000000d549400000,0x000000d549500000) (1024K)]
  0x00000231c39a14f0 JavaThread "Exec process Thread 2"             [_thread_blocked, id=10020, stack(0x000000d542500000,0x000000d542600000) (1024K)]
  0x00000231c39accb0 JavaThread "Exec process Thread 2"             [_thread_blocked, id=21776, stack(0x000000d548700000,0x000000d548800000) (1024K)]
  0x00000231c84b9610 JavaThread "Exec process"                      [_thread_in_native, id=8268, stack(0x000000d549b00000,0x000000d549c00000) (1024K)]
  0x00000231fac93000 JavaThread "Connection worker"                 [_thread_blocked, id=26212, stack(0x000000d54aa00000,0x000000d54ab00000) (1024K)]
  0x00000231c3f24210 JavaThread "Connection worker"                 [_thread_blocked, id=18728, stack(0x000000d54ac00000,0x000000d54ad00000) (1024K)]
  0x00000231c3f22e60 JavaThread "Exec process Thread 2"             [_thread_blocked, id=25144, stack(0x000000d54ae00000,0x000000d54af00000) (1024K)]
  0x00000231c395d300 JavaThread "pool-88-thread-1"                  [_thread_blocked, id=20472, stack(0x000000d54b100000,0x000000d54b200000) (1024K)]
  0x00000231c395b8c0 JavaThread "pool-89-thread-1"                  [_thread_blocked, id=16620, stack(0x000000d54b200000,0x000000d54b300000) (1024K)]
  0x00000231c39a42e0 JavaThread "Connection worker"                 [_thread_blocked, id=15308, stack(0x000000d547800000,0x000000d547900000) (1024K)]
  0x00000231c39a5d20 JavaThread "Connection worker"                 [_thread_blocked, id=9140, stack(0x000000d546400000,0x000000d546500000) (1024K)]
  0x00000231c3b26a50 JavaThread "Exec process"                      [_thread_in_native, id=19744, stack(0x000000d54c300000,0x000000d54c400000) (1024K)]
  0x00000231c2509190 JavaThread "Exec process"                      [_thread_in_native, id=24704, stack(0x000000d547400000,0x000000d547500000) (1024K)]
  0x00000231c25070c0 JavaThread "Connection worker"                 [_thread_blocked, id=5536, stack(0x000000d546700000,0x000000d546800000) (1024K)]
  0x00000231c2505d10 JavaThread "pool-90-thread-1"                  [_thread_blocked, id=28348, stack(0x000000d545c00000,0x000000d545d00000) (1024K)]
  0x00000231c4302e70 JavaThread "Exec process Thread 2"             [_thread_blocked, id=26304, stack(0x000000d548400000,0x000000d548500000) (1024K)]
  0x00000231c4303500 JavaThread "pool-95-thread-1"                  [_thread_blocked, id=17996, stack(0x000000d54a000000,0x000000d54a100000) (1024K)]
  0x00000231c4304f40 JavaThread "Exec process Thread 2"             [_thread_blocked, id=10360, stack(0x000000d54b900000,0x000000d54ba00000) (1024K)]
  0x00000231c43062f0 JavaThread "Exec process"                      [_thread_in_native, id=19172, stack(0x000000d54ba00000,0x000000d54bb00000) (1024K)]
  0x00000231c4300da0 JavaThread "Exec process"                      [_thread_in_native, id=5748, stack(0x000000d544c00000,0x000000d544d00000) (1024K)]
  0x00000231c39a2210 JavaThread "Connection worker"                 [_thread_blocked, id=17588, stack(0x000000d544b00000,0x000000d544c00000) (1024K)]
  0x00000231c39a6a40 JavaThread "Connection worker"                 [_thread_blocked, id=28232, stack(0x000000d545200000,0x000000d545300000) (1024K)]
  0x00000231c4744910 JavaThread "Exec process Thread 2"             [_thread_blocked, id=6200, stack(0x000000d54ca00000,0x000000d54cb00000) (1024K)]
  0x00000231c4744fa0 JavaThread "Exec process"                      [_thread_in_native, id=26776, stack(0x000000d54c500000,0x000000d54c600000) (1024K)]
  0x00000231c23660b0 JavaThread "pool-98-thread-1"                  [_thread_blocked, id=12792, stack(0x000000d54d300000,0x000000d54d400000) (1024K)]
  0x00000231c2366dd0 JavaThread "Exec process Thread 2"             [_thread_blocked, id=23712, stack(0x000000d54d600000,0x000000d54d700000) (1024K)]
  0x00000231c2368180 JavaThread "Exec process Thread 2"             [_thread_blocked, id=20652, stack(0x000000d54d800000,0x000000d54d900000) (1024K)]
  0x00000231c2368810 JavaThread "pool-99-thread-1"                  [_thread_blocked, id=23824, stack(0x000000d54d900000,0x000000d54da00000) (1024K)]
  0x00000231c4637540 JavaThread "Exec process"                      [_thread_in_native, id=9828, stack(0x000000d54e800000,0x000000d54e900000) (1024K)]
  0x00000231c3b28490 JavaThread "Exec process"                      [_thread_in_native, id=20008, stack(0x000000d54e900000,0x000000d54ea00000) (1024K)]
  0x00000231c3b25010 JavaThread "Connection worker"                 [_thread_blocked, id=26904, stack(0x000000d545300000,0x000000d545400000) (1024K)]
  0x00000231c3b28b20 JavaThread "Connection worker"                 [_thread_blocked, id=20216, stack(0x000000d543700000,0x000000d543800000) (1024K)]
  0x00000231c3b270e0 JavaThread "Connection worker"                 [_thread_blocked, id=28148, stack(0x000000d542300000,0x000000d542400000) (1024K)]
  0x00000231c3b2bfa0 JavaThread "Connection worker"                 [_thread_blocked, id=9188, stack(0x000000d542600000,0x000000d542700000) (1024K)]
  0x00000231c25042d0 JavaThread "Connection worker"                 [_thread_blocked, id=3012, stack(0x000000d53e600000,0x000000d53e700000) (1024K)]
  0x00000231c25014e0 JavaThread "Timer-37"                          [_thread_blocked, id=21368, stack(0x000000d542700000,0x000000d542800000) (1024K)]
  0x00000231c2509820 JavaThread "pool-100-thread-1"                 [_thread_blocked, id=22032, stack(0x000000d545100000,0x000000d545200000) (1024K)]
  0x00000231c250a540 JavaThread "pool-101-thread-1"                 [_thread_blocked, id=27220, stack(0x000000d548300000,0x000000d548400000) (1024K)]
  0x00000231c250abd0 JavaThread "Worker-41"                         [_thread_blocked, id=9744, stack(0x000000d542a00000,0x000000d542b00000) (1024K)]
  0x00000231c250f400 JavaThread "Exec process Thread 2"             [_thread_blocked, id=24524, stack(0x000000d548d00000,0x000000d548e00000) (1024K)]
  0x00000231c25035b0 JavaThread "Exec process Thread 2"             [_thread_blocked, id=5924, stack(0x000000d544300000,0x000000d544400000) (1024K)]
  0x00000231c250b260 JavaThread "Exec process"                      [_thread_in_native, id=23776, stack(0x000000d545b00000,0x000000d545c00000) (1024K)]
  0x00000231c250fa90 JavaThread "Connection worker"                 [_thread_blocked, id=13920, stack(0x000000d548e00000,0x000000d548f00000) (1024K)]
  0x00000231c84bca90 JavaThread "Connection worker"                 [_thread_blocked, id=13232, stack(0x000000d549a00000,0x000000d549b00000) (1024K)]
  0x00000231c84b9ca0 JavaThread "Exec process"                      [_thread_in_native, id=27960, stack(0x000000d54a400000,0x000000d54a500000) (1024K)]
  0x00000231c84be4d0 JavaThread "Connection worker"                 [_thread_blocked, id=28624, stack(0x000000d548b00000,0x000000d548c00000) (1024K)]
  0x00000231c84bb050 JavaThread "Exec process"                      [_thread_in_native, id=11932, stack(0x000000d547000000,0x000000d547100000) (1024K)]
  0x00000231c84bb6e0 JavaThread "Exec process"                      [_thread_in_native, id=27600, stack(0x000000d542000000,0x000000d542100000) (1024K)]
  0x00000231c84beb60 JavaThread "Connection worker"                 [_thread_blocked, id=25812, stack(0x000000d541400000,0x000000d541500000) (1024K)]
  0x00000231c84bf1f0 JavaThread "Connection worker"                 [_thread_blocked, id=24296, stack(0x000000d546200000,0x000000d546300000) (1024K)]
  0x00000231c84bc400 JavaThread "Exec process"                      [_thread_in_native, id=18244, stack(0x000000d543d00000,0x000000d543e00000) (1024K)]
  0x00000231c84c05a0 JavaThread "Connection worker"                 [_thread_blocked, id=9996, stack(0x000000d53e800000,0x000000d53e900000) (1024K)]
  0x00000231fac91c50 JavaThread "Exec process Thread 2"             [_thread_blocked, id=21500, stack(0x000000d547b00000,0x000000d547c00000) (1024K)]
  0x00000231fac908a0 JavaThread "pool-102-thread-1"                 [_thread_blocked, id=28088, stack(0x000000d549f00000,0x000000d54a000000) (1024K)]
  0x00000231fac90f30 JavaThread "Exec process Thread 2"             [_thread_blocked, id=19304, stack(0x000000d546a00000,0x000000d546b00000) (1024K)]
  0x00000231fac92970 JavaThread "Exec process Thread 2"             [_thread_blocked, id=19784, stack(0x000000d546100000,0x000000d546200000) (1024K)]
  0x00000231c39a35c0 JavaThread "Exec process Thread 2"             [_thread_blocked, id=26616, stack(0x000000d546c00000,0x000000d546d00000) (1024K)]
  0x00000231c39a07d0 JavaThread "Connection worker"                 [_thread_blocked, id=14472, stack(0x000000d547500000,0x000000d547600000) (1024K)]
  0x00000231c39a5690 JavaThread "pool-104-thread-1"                 [_thread_blocked, id=9468, stack(0x000000d547900000,0x000000d547a00000) (1024K)]
  0x00000231c39a2f30 JavaThread "pool-103-thread-1"                 [_thread_blocked, id=23816, stack(0x000000d547f00000,0x000000d548000000) (1024K)]
  0x00000231c39a3c50 JavaThread "Connection worker"                 [_thread_in_native, id=10200, stack(0x000000d543a00000,0x000000d543b00000) (1024K)]
  0x00000231c39a0e60 JavaThread "Connection worker"                 [_thread_blocked, id=26772, stack(0x000000d548500000,0x000000d548600000) (1024K)]
  0x00000231c399f420 JavaThread "Connection worker"                 [_thread_blocked, id=2668, stack(0x000000d542b00000,0x000000d542c00000) (1024K)]
  0x00000231c39a8b10 JavaThread "Connection worker"                 [_thread_blocked, id=13376, stack(0x000000d548c00000,0x000000d548d00000) (1024K)]
  0x00000231c39a91a0 JavaThread "Timer-38"                          [_thread_blocked, id=23860, stack(0x000000d548f00000,0x000000d549000000) (1024K)]
  0x00000231c39a70d0 JavaThread "Connection worker"                 [_thread_blocked, id=18756, stack(0x000000d548a00000,0x000000d548b00000) (1024K)]
  0x00000231c39a7760 JavaThread "Connection worker"                 [_thread_blocked, id=24460, stack(0x000000d54a200000,0x000000d54a300000) (1024K)]
  0x00000231c39a5000 JavaThread "Connection worker"                 [_thread_blocked, id=27160, stack(0x000000d545500000,0x000000d545600000) (1024K)]
  0x00000231c39aabe0 JavaThread "Exec process Thread 2"             [_thread_blocked, id=10420, stack(0x000000d545d00000,0x000000d545e00000) (1024K)]
  0x00000231c39ae6f0 JavaThread "Connection worker"                 [_thread_blocked, id=16456, stack(0x000000d545e00000,0x000000d545f00000) (1024K)]
  0x00000231c39a7df0 JavaThread "pool-105-thread-1"                 [_thread_blocked, id=25060, stack(0x000000d546000000,0x000000d546100000) (1024K)]
  0x00000231c39a63b0 JavaThread "Exec process"                      [_thread_in_native, id=7788, stack(0x000000d545900000,0x000000d545a00000) (1024K)]
  0x00000231c39a4970 JavaThread "pool-106-thread-1"                 [_thread_blocked, id=12812, stack(0x000000d545a00000,0x000000d545b00000) (1024K)]
  0x00000231c39ad9d0 JavaThread "pool-107-thread-1"                 [_thread_blocked, id=22100, stack(0x000000d546b00000,0x000000d546c00000) (1024K)]
  0x00000231c39ad340 JavaThread "Exec process"                      [_thread_blocked, id=12948, stack(0x000000d547100000,0x000000d547200000) (1024K)]
  0x00000231c25007c0 JavaThread "pool-108-thread-1"                 [_thread_blocked, id=27288, stack(0x000000d547700000,0x000000d547800000) (1024K)]
  0x00000231c2502f20 JavaThread "Exec process"                      [_thread_blocked, id=17412, stack(0x000000d547a00000,0x000000d547b00000) (1024K)]
  0x00000231c4d3f9c0 JavaThread "C2 CompilerThread1"         daemon [_thread_in_native, id=26564, stack(0x000000d545600000,0x000000d545700000) (1024K)]
  0x00000231c2504960 JavaThread "Connection worker"                 [_thread_in_native, id=14888, stack(0x000000d542e00000,0x000000d542f00000) (1024K)]
  0x00000231c2502200 JavaThread "Exec process"                      [_thread_blocked, id=21608, stack(0x000000d546500000,0x000000d546600000) (1024K)]
  0x00000231c2504ff0 JavaThread "Connection worker"                 [_thread_in_native, id=25064, stack(0x000000d546900000,0x000000d546a00000) (1024K)]
  0x00000231c2508470 JavaThread "Exec process"                      [_thread_blocked, id=16552, stack(0x000000d547c00000,0x000000d547d00000) (1024K)]
  0x00000231c2508b00 JavaThread "Connection worker"                 [_thread_blocked, id=8948, stack(0x000000d542400000,0x000000d542500000) (1024K)]
  0x00000231c2505680 JavaThread "Exec process"                      [_thread_new, id=19224, stack(0x0000000000000000,0x0000000000000000) (0B)]
  0x00000231c250b8f0 JavaThread "Exec process"                      [_thread_new, id=24572, stack(0x0000000000000000,0x0000000000000000) (0B)]
Total: 204

Other Threads:
  0x00000231e2e1c740 VMThread "VM Thread"                           [id=14576, stack(0x000000d53eb00000,0x000000d53ec00000) (1024K)]
  0x00000231e2beca00 WatcherThread "VM Periodic Task Thread"        [id=17092, stack(0x000000d53ea00000,0x000000d53eb00000) (1024K)]
  0x00000231e2d79360 WorkerThread "GC Thread#0"                     [id=23372, stack(0x000000d53e900000,0x000000d53ea00000) (1024K)]
  0x00000231e2c97f00 WorkerThread "GC Thread#1"                     [id=25192, stack(0x000000d53f700000,0x000000d53f800000) (1024K)]
  0x00000231e2c982b0 WorkerThread "GC Thread#2"                     [id=25216, stack(0x000000d53f800000,0x000000d53f900000) (1024K)]
  0x00000231faaf0670 WorkerThread "GC Thread#3"                     [id=25020, stack(0x000000d53f900000,0x000000d53fa00000) (1024K)]
Total: 6

Threads with active compile tasks:
C2 CompilerThread0  121523 12008       4       org.gradle.tooling.internal.adapter.ProtocolToModelAdapter$InvocationHandlerImpl::invoke (176 bytes)
C2 CompilerThread1  121523 12075       4       java.util.regex.Pattern$CharProperty::match (71 bytes)
Total: 2

VM state: not at safepoint (normal execution)

VM Mutex/Monitor currently owned by a thread: None

Heap address: 0x0000000080000000, size: 2048 MB, Compressed Oops mode: 32-bit

CDS archive(s) mapped at: [0x0000023180000000-0x0000023180ba0000-0x0000023180ba0000), size 12189696, SharedBaseAddress: 0x0000023180000000, ArchiveRelocationMode: 1.
Compressed class space mapped at: 0x0000023181000000-0x00000231c1000000, reserved size: 1073741824
Narrow klass base: 0x0000023180000000, Narrow klass shift: 0, Narrow klass range: 0x100000000

GC Precious Log:
 CardTable entry size: 512
 CPUs: 4 total, 4 available
 Memory: 16287M
 Large Page Support: Disabled
 NUMA Support: Disabled
 Compressed Oops: Enabled (32-bit)
 Alignments: Space 512K, Generation 512K, Heap 2M
 Heap Min Capacity: 100M
 Heap Initial Capacity: 100M
 Heap Max Capacity: 2G
 Pre-touch: Disabled
 Parallel Workers: 4

Heap:
 PSYoungGen      total 15872K, used 7287K [0x00000000d5580000, 0x00000000d6d80000, 0x0000000100000000)
  eden space 13312K, 35% used [0x00000000d5580000,0x00000000d5a22d58,0x00000000d6280000)
  from space 2560K, 99% used [0x00000000d6700000,0x00000000d697b130,0x00000000d6980000)
  to   space 4608K, 0% used [0x00000000d6280000,0x00000000d6280000,0x00000000d6700000)
 ParOldGen       total 102912K, used 94812K [0x0000000080000000, 0x0000000086480000, 0x00000000d5580000)
  object space 102912K, 92% used [0x0000000080000000,0x0000000085c971c0,0x0000000086480000)
 Metaspace       used 63845K, committed 65600K, reserved 1114112K
  class space    used 7368K, committed 8192K, reserved 1048576K

Card table byte_map: [0x00000231e2700000,0x00000231e2b10000] _byte_map_base: 0x00000231e2300000

Marking Bits: (ParMarkBitMap*) 0x00007ffaeb5344a0
 Begin Bits: [0x00000231f5210000, 0x00000231f7210000)
 End Bits:   [0x00000231f7210000, 0x00000231f9210000)

Polling page: 0x00000231e0b60000

Metaspace:

Usage:
  Non-class:     55.15 MB used.
      Class:      7.20 MB used.
       Both:     62.35 MB used.

Virtual space:
  Non-class space:       64.00 MB reserved,      56.06 MB ( 88%) committed,  1 nodes.
      Class space:        1.00 GB reserved,       8.00 MB ( <1%) committed,  1 nodes.
             Both:        1.06 GB reserved,      64.06 MB (  6%) committed. 

Chunk freelists:
   Non-Class:  7.94 MB
       Class:  8.05 MB
        Both:  15.99 MB

MaxMetaspaceSize: unlimited
CompressedClassSpaceSize: 1.00 GB
Initial GC threshold: 21.00 MB
Current GC threshold: 97.31 MB
CDS: on
 - commit_granule_bytes: 65536.
 - commit_granule_words: 8192.
 - virtual_space_node_default_size: 8388608.
 - enlarge_chunks_in_place: 1.
 - use_allocation_guard: 0.


Internal statistics:

num_allocs_failed_limit: 9.
num_arena_births: 2010.
num_arena_deaths: 16.
num_vsnodes_births: 2.
num_vsnodes_deaths: 0.
num_space_committed: 1025.
num_space_uncommitted: 0.
num_chunks_returned_to_freelist: 26.
num_chunks_taken_from_freelist: 5030.
num_chunk_merges: 15.
num_chunk_splits: 3145.
num_chunks_enlarged: 1717.
num_inconsistent_stats: 0.

CodeHeap 'non-profiled nmethods': size=120000Kb used=8444Kb max_used=8444Kb free=111556Kb
 bounds [0x00000231eda30000, 0x00000231ee270000, 0x00000231f4f60000]
CodeHeap 'profiled nmethods': size=120000Kb used=23804Kb max_used=23804Kb free=96195Kb
 bounds [0x00000231e5f60000, 0x00000231e76a0000, 0x00000231ed490000]
CodeHeap 'non-nmethods': size=5760Kb used=1394Kb max_used=1475Kb free=4365Kb
 bounds [0x00000231ed490000, 0x00000231ed700000, 0x00000231eda30000]
CodeCache: size=245760Kb, used=33642Kb, max_used=33723Kb, free=212116Kb
 total_blobs=11956, nmethods=11255, adapters=607, full_count=0
Compilation: enabled, stopped_count=0, restarted_count=0

Compilation events (20 events):
Event: 121.291 Thread 0x00000231e2ccfe20 nmethod 12066 0x00000231e769a590 code [0x00000231e769a7a0, 0x00000231e769adf0]
Event: 121.299 Thread 0x00000231c4d3f9c0 nmethod 12051 0x00000231ee26b390 code [0x00000231ee26b5e0, 0x00000231ee26bf38]
Event: 121.299 Thread 0x00000231c4d3f9c0 12045       4       java.util.Arrays::copyOfRange (90 bytes)
Event: 121.304 Thread 0x00000231e2ccfe20 12067       3       java.lang.Throwable::getLocalizedMessage (5 bytes)
Event: 121.304 Thread 0x00000231e2ccfe20 nmethod 12067 0x00000231e769af90 code [0x00000231e769b140, 0x00000231e769b308]
Event: 121.304 Thread 0x00000231c4d3f9c0 nmethod 12045 0x00000231ee26c790 code [0x00000231ee26c940, 0x00000231ee26cea0]
Event: 121.304 Thread 0x00000231c4d3f9c0 12009       4       java.lang.ProcessEnvironment$NameComparator::compare (13 bytes)
Event: 121.307 Thread 0x00000231e2ccfe20 12068       3       org.eclipse.buildship.core.GradleDistribution::fromString (168 bytes)
Event: 121.310 Thread 0x00000231e2ccfe20 nmethod 12068 0x00000231e769b390 code [0x00000231e769b880, 0x00000231e769da68]
Event: 121.311 Thread 0x00000231c4d3f9c0 nmethod 12009 0x00000231ee26d110 code [0x00000231ee26d300, 0x00000231ee26d800]
Event: 121.311 Thread 0x00000231c4d3f9c0 12062       4       java.util.concurrent.atomic.AtomicInteger::compareAndSet (13 bytes)
Event: 121.312 Thread 0x00000231c4d3f9c0 nmethod 12062 0x00000231ee26dc90 code [0x00000231ee26de20, 0x00000231ee26dec0]
Event: 121.328 Thread 0x00000231e2ccfe20 12069       3       org.gradle.util.internal.GUtil::isTrue (56 bytes)
Event: 121.328 Thread 0x00000231e2ccfe20 nmethod 12069 0x00000231e769e710 code [0x00000231e769e920, 0x00000231e769f180]
Event: 121.383 Thread 0x00000231c4d3f9c0 12070       4       java.util.concurrent.atomic.AtomicInteger::getAndAdd (12 bytes)
Event: 121.383 Thread 0x00000231c4d3f9c0 nmethod 12070 0x00000231ee26df90 code [0x00000231ee26e120, 0x00000231ee26e1b0]
Event: 121.387 Thread 0x00000231e2ccfe20 12071       1       org.gradle.internal.concurrent.DefaultExecutorFactory::access$000 (5 bytes)
Event: 121.387 Thread 0x00000231e2ccfe20 nmethod 12071 0x00000231ee26e290 code [0x00000231ee26e420, 0x00000231ee26e4d0]
Event: 121.391 Thread 0x00000231e2ccfe20 12072       1       org.eclipse.buildship.core.internal.configuration.BuildConfigurationProperties::getRootProjectDirectory (5 bytes)
Event: 121.391 Thread 0x00000231e2ccfe20 nmethod 12072 0x00000231ee26e590 code [0x00000231ee26e720, 0x00000231ee26e7e8]

GC Heap History (20 events):
Event: 117.187 GC heap before
{Heap before GC invocations=154 (full 3):
 PSYoungGen      total 16896K, used 16415K [0x00000000d5580000, 0x00000000d6880000, 0x0000000100000000)
  eden space 15360K, 99% used [0x00000000d5580000,0x00000000d647fff8,0x00000000d6480000)
  from space 1536K, 68% used [0x00000000d6700000,0x00000000d6808000,0x00000000d6880000)
  to   space 1536K, 0% used [0x00000000d6580000,0x00000000d6580000,0x00000000d6700000)
 ParOldGen       total 102912K, used 87089K [0x0000000080000000, 0x0000000086480000, 0x00000000d5580000)
  object space 102912K, 84% used [0x0000000080000000,0x000000008550c500,0x0000000086480000)
 Metaspace       used 63630K, committed 65408K, reserved 1114112K
  class space    used 7365K, committed 8192K, reserved 1048576K
}
Event: 117.192 GC heap after
{Heap after GC invocations=154 (full 3):
 PSYoungGen      total 16896K, used 1216K [0x00000000d5580000, 0x00000000d6780000, 0x0000000100000000)
  eden space 15360K, 0% used [0x00000000d5580000,0x00000000d5580000,0x00000000d6480000)
  from space 1536K, 79% used [0x00000000d6580000,0x00000000d66b0000,0x00000000d6700000)
  to   space 512K, 0% used [0x00000000d6700000,0x00000000d6700000,0x00000000d6780000)
 ParOldGen       total 102912K, used 87875K [0x0000000080000000, 0x0000000086480000, 0x00000000d5580000)
  object space 102912K, 85% used [0x0000000080000000,0x00000000855d0d38,0x0000000086480000)
 Metaspace       used 63630K, committed 65408K, reserved 1114112K
  class space    used 7365K, committed 8192K, reserved 1048576K
}
Event: 118.128 GC heap before
{Heap before GC invocations=155 (full 3):
 PSYoungGen      total 16896K, used 16576K [0x00000000d5580000, 0x00000000d6780000, 0x0000000100000000)
  eden space 15360K, 100% used [0x00000000d5580000,0x00000000d6480000,0x00000000d6480000)
  from space 1536K, 79% used [0x00000000d6580000,0x00000000d66b0000,0x00000000d6700000)
  to   space 512K, 0% used [0x00000000d6700000,0x00000000d6700000,0x00000000d6780000)
 ParOldGen       total 102912K, used 87875K [0x0000000080000000, 0x0000000086480000, 0x00000000d5580000)
  object space 102912K, 85% used [0x0000000080000000,0x00000000855d0d38,0x0000000086480000)
 Metaspace       used 63664K, committed 65472K, reserved 1114112K
  class space    used 7365K, committed 8192K, reserved 1048576K
}
Event: 118.130 GC heap after
{Heap after GC invocations=155 (full 3):
 PSYoungGen      total 15872K, used 512K [0x00000000d5580000, 0x00000000d6980000, 0x0000000100000000)
  eden space 15360K, 0% used [0x00000000d5580000,0x00000000d5580000,0x00000000d6480000)
  from space 512K, 100% used [0x00000000d6700000,0x00000000d6780000,0x00000000d6780000)
  to   space 2560K, 0% used [0x00000000d6480000,0x00000000d6480000,0x00000000d6700000)
 ParOldGen       total 102912K, used 89375K [0x0000000080000000, 0x0000000086480000, 0x00000000d5580000)
  object space 102912K, 86% used [0x0000000080000000,0x0000000085747cf0,0x0000000086480000)
 Metaspace       used 63664K, committed 65472K, reserved 1114112K
  class space    used 7365K, committed 8192K, reserved 1048576K
}
Event: 118.945 GC heap before
{Heap before GC invocations=156 (full 3):
 PSYoungGen      total 15872K, used 15872K [0x00000000d5580000, 0x00000000d6980000, 0x0000000100000000)
  eden space 15360K, 100% used [0x00000000d5580000,0x00000000d6480000,0x00000000d6480000)
  from space 512K, 100% used [0x00000000d6700000,0x00000000d6780000,0x00000000d6780000)
  to   space 2560K, 0% used [0x00000000d6480000,0x00000000d6480000,0x00000000d6700000)
 ParOldGen       total 102912K, used 89375K [0x0000000080000000, 0x0000000086480000, 0x00000000d5580000)
  object space 102912K, 86% used [0x0000000080000000,0x0000000085747cf0,0x0000000086480000)
 Metaspace       used 63700K, committed 65472K, reserved 1114112K
  class space    used 7365K, committed 8192K, reserved 1048576K
}
Event: 118.949 GC heap after
{Heap after GC invocations=156 (full 3):
 PSYoungGen      total 16384K, used 928K [0x00000000d5580000, 0x00000000d6780000, 0x0000000100000000)
  eden space 15360K, 0% used [0x00000000d5580000,0x00000000d5580000,0x00000000d6480000)
  from space 1024K, 90% used [0x00000000d6480000,0x00000000d6568000,0x00000000d6580000)
  to   space 1536K, 0% used [0x00000000d6600000,0x00000000d6600000,0x00000000d6780000)
 ParOldGen       total 102912K, used 89840K [0x0000000080000000, 0x0000000086480000, 0x00000000d5580000)
  object space 102912K, 87% used [0x0000000080000000,0x00000000857bc3a8,0x0000000086480000)
 Metaspace       used 63700K, committed 65472K, reserved 1114112K
  class space    used 7365K, committed 8192K, reserved 1048576K
}
Event: 119.788 GC heap before
{Heap before GC invocations=157 (full 3):
 PSYoungGen      total 16384K, used 16288K [0x00000000d5580000, 0x00000000d6780000, 0x0000000100000000)
  eden space 15360K, 100% used [0x00000000d5580000,0x00000000d6480000,0x00000000d6480000)
  from space 1024K, 90% used [0x00000000d6480000,0x00000000d6568000,0x00000000d6580000)
  to   space 1536K, 0% used [0x00000000d6600000,0x00000000d6600000,0x00000000d6780000)
 ParOldGen       total 102912K, used 89840K [0x0000000080000000, 0x0000000086480000, 0x00000000d5580000)
  object space 102912K, 87% used [0x0000000080000000,0x00000000857bc3a8,0x0000000086480000)
 Metaspace       used 63710K, committed 65472K, reserved 1114112K
  class space    used 7365K, committed 8192K, reserved 1048576K
}
Event: 119.791 GC heap after
{Heap after GC invocations=157 (full 3):
 PSYoungGen      total 16384K, used 864K [0x00000000d5580000, 0x00000000d6700000, 0x0000000100000000)
  eden space 15360K, 0% used [0x00000000d5580000,0x00000000d5580000,0x00000000d6480000)
  from space 1024K, 84% used [0x00000000d6600000,0x00000000d66d8000,0x00000000d6700000)
  to   space 1024K, 0% used [0x00000000d6480000,0x00000000d6480000,0x00000000d6580000)
 ParOldGen       total 102912K, used 90606K [0x0000000080000000, 0x0000000086480000, 0x00000000d5580000)
  object space 102912K, 88% used [0x0000000080000000,0x000000008587b920,0x0000000086480000)
 Metaspace       used 63710K, committed 65472K, reserved 1114112K
  class space    used 7365K, committed 8192K, reserved 1048576K
}
Event: 120.221 GC heap before
{Heap before GC invocations=158 (full 3):
 PSYoungGen      total 16384K, used 16224K [0x00000000d5580000, 0x00000000d6700000, 0x0000000100000000)
  eden space 15360K, 100% used [0x00000000d5580000,0x00000000d6480000,0x00000000d6480000)
  from space 1024K, 84% used [0x00000000d6600000,0x00000000d66d8000,0x00000000d6700000)
  to   space 1024K, 0% used [0x00000000d6480000,0x00000000d6480000,0x00000000d6580000)
 ParOldGen       total 102912K, used 90606K [0x0000000080000000, 0x0000000086480000, 0x00000000d5580000)
  object space 102912K, 88% used [0x0000000080000000,0x000000008587b920,0x0000000086480000)
 Metaspace       used 63738K, committed 65472K, reserved 1114112K
  class space    used 7365K, committed 8192K, reserved 1048576K
}
Event: 120.223 GC heap after
{Heap after GC invocations=158 (full 3):
 PSYoungGen      total 16384K, used 800K [0x00000000d5580000, 0x00000000d6680000, 0x0000000100000000)
  eden space 15360K, 0% used [0x00000000d5580000,0x00000000d5580000,0x00000000d6480000)
  from space 1024K, 78% used [0x00000000d6480000,0x00000000d6548000,0x00000000d6580000)
  to   space 1024K, 0% used [0x00000000d6580000,0x00000000d6580000,0x00000000d6680000)
 ParOldGen       total 102912K, used 91195K [0x0000000080000000, 0x0000000086480000, 0x00000000d5580000)
  object space 102912K, 88% used [0x0000000080000000,0x000000008590ee48,0x0000000086480000)
 Metaspace       used 63738K, committed 65472K, reserved 1114112K
  class space    used 7365K, committed 8192K, reserved 1048576K
}
Event: 120.449 GC heap before
{Heap before GC invocations=159 (full 3):
 PSYoungGen      total 16384K, used 16160K [0x00000000d5580000, 0x00000000d6680000, 0x0000000100000000)
  eden space 15360K, 100% used [0x00000000d5580000,0x00000000d6480000,0x00000000d6480000)
  from space 1024K, 78% used [0x00000000d6480000,0x00000000d6548000,0x00000000d6580000)
  to   space 1024K, 0% used [0x00000000d6580000,0x00000000d6580000,0x00000000d6680000)
 ParOldGen       total 102912K, used 91195K [0x0000000080000000, 0x0000000086480000, 0x00000000d5580000)
  object space 102912K, 88% used [0x0000000080000000,0x000000008590ee48,0x0000000086480000)
 Metaspace       used 63773K, committed 65536K, reserved 1114112K
  class space    used 7365K, committed 8192K, reserved 1048576K
}
Event: 120.451 GC heap after
{Heap after GC invocations=159 (full 3):
 PSYoungGen      total 16384K, used 512K [0x00000000d5580000, 0x00000000d6680000, 0x0000000100000000)
  eden space 15360K, 0% used [0x00000000d5580000,0x00000000d5580000,0x00000000d6480000)
  from space 1024K, 50% used [0x00000000d6580000,0x00000000d6600000,0x00000000d6680000)
  to   space 1024K, 0% used [0x00000000d6480000,0x00000000d6480000,0x00000000d6580000)
 ParOldGen       total 102912K, used 91825K [0x0000000080000000, 0x0000000086480000, 0x00000000d5580000)
  object space 102912K, 89% used [0x0000000080000000,0x00000000859ac520,0x0000000086480000)
 Metaspace       used 63773K, committed 65536K, reserved 1114112K
  class space    used 7365K, committed 8192K, reserved 1048576K
}
Event: 120.739 GC heap before
{Heap before GC invocations=160 (full 3):
 PSYoungGen      total 16384K, used 15871K [0x00000000d5580000, 0x00000000d6680000, 0x0000000100000000)
  eden space 15360K, 99% used [0x00000000d5580000,0x00000000d647fff0,0x00000000d6480000)
  from space 1024K, 50% used [0x00000000d6580000,0x00000000d6600000,0x00000000d6680000)
  to   space 1024K, 0% used [0x00000000d6480000,0x00000000d6480000,0x00000000d6580000)
 ParOldGen       total 102912K, used 91825K [0x0000000080000000, 0x0000000086480000, 0x00000000d5580000)
  object space 102912K, 89% used [0x0000000080000000,0x00000000859ac520,0x0000000086480000)
 Metaspace       used 63791K, committed 65536K, reserved 1114112K
  class space    used 7365K, committed 8192K, reserved 1048576K
}
Event: 120.741 GC heap after
{Heap after GC invocations=160 (full 3):
 PSYoungGen      total 16384K, used 496K [0x00000000d5580000, 0x00000000d6680000, 0x0000000100000000)
  eden space 15360K, 0% used [0x00000000d5580000,0x00000000d5580000,0x00000000d6480000)
  from space 1024K, 48% used [0x00000000d6480000,0x00000000d64fc030,0x00000000d6580000)
  to   space 1024K, 0% used [0x00000000d6580000,0x00000000d6580000,0x00000000d6680000)
 ParOldGen       total 102912K, used 92019K [0x0000000080000000, 0x0000000086480000, 0x00000000d5580000)
  object space 102912K, 89% used [0x0000000080000000,0x00000000859dcc98,0x0000000086480000)
 Metaspace       used 63791K, committed 65536K, reserved 1114112K
  class space    used 7365K, committed 8192K, reserved 1048576K
}
Event: 121.117 GC heap before
{Heap before GC invocations=161 (full 3):
 PSYoungGen      total 16384K, used 15856K [0x00000000d5580000, 0x00000000d6680000, 0x0000000100000000)
  eden space 15360K, 100% used [0x00000000d5580000,0x00000000d6480000,0x00000000d6480000)
  from space 1024K, 48% used [0x00000000d6480000,0x00000000d64fc030,0x00000000d6580000)
  to   space 1024K, 0% used [0x00000000d6580000,0x00000000d6580000,0x00000000d6680000)
 ParOldGen       total 102912K, used 92019K [0x0000000080000000, 0x0000000086480000, 0x00000000d5580000)
  object space 102912K, 89% used [0x0000000080000000,0x00000000859dcc98,0x0000000086480000)
 Metaspace       used 63813K, committed 65600K, reserved 1114112K
  class space    used 7368K, committed 8192K, reserved 1048576K
}
Event: 121.118 GC heap after
{Heap after GC invocations=161 (full 3):
 PSYoungGen      total 16384K, used 864K [0x00000000d5580000, 0x00000000d6680000, 0x0000000100000000)
  eden space 15360K, 0% used [0x00000000d5580000,0x00000000d5580000,0x00000000d6480000)
  from space 1024K, 84% used [0x00000000d6580000,0x00000000d6658000,0x00000000d6680000)
  to   space 1024K, 0% used [0x00000000d6480000,0x00000000d6480000,0x00000000d6580000)
 ParOldGen       total 102912K, used 92371K [0x0000000080000000, 0x0000000086480000, 0x00000000d5580000)
  object space 102912K, 89% used [0x0000000080000000,0x0000000085a34d98,0x0000000086480000)
 Metaspace       used 63813K, committed 65600K, reserved 1114112K
  class space    used 7368K, committed 8192K, reserved 1048576K
}
Event: 121.253 GC heap before
{Heap before GC invocations=162 (full 3):
 PSYoungGen      total 16384K, used 15738K [0x00000000d5580000, 0x00000000d6680000, 0x0000000100000000)
  eden space 15360K, 96% used [0x00000000d5580000,0x00000000d6406b70,0x00000000d6480000)
  from space 1024K, 84% used [0x00000000d6580000,0x00000000d6658000,0x00000000d6680000)
  to   space 1024K, 0% used [0x00000000d6480000,0x00000000d6480000,0x00000000d6580000)
 ParOldGen       total 102912K, used 92371K [0x0000000080000000, 0x0000000086480000, 0x00000000d5580000)
  object space 102912K, 89% used [0x0000000080000000,0x0000000085a34d98,0x0000000086480000)
 Metaspace       used 63835K, committed 65600K, reserved 1114112K
  class space    used 7368K, committed 8192K, reserved 1048576K
}
Event: 121.254 GC heap after
{Heap after GC invocations=162 (full 3):
 PSYoungGen      total 16384K, used 992K [0x00000000d5580000, 0x00000000d6980000, 0x0000000100000000)
  eden space 15360K, 0% used [0x00000000d5580000,0x00000000d5580000,0x00000000d6480000)
  from space 1024K, 96% used [0x00000000d6480000,0x00000000d6578320,0x00000000d6580000)
  to   space 2560K, 0% used [0x00000000d6700000,0x00000000d6700000,0x00000000d6980000)
 ParOldGen       total 102912K, used 93496K [0x0000000080000000, 0x0000000086480000, 0x00000000d5580000)
  object space 102912K, 90% used [0x0000000080000000,0x0000000085b4e190,0x0000000086480000)
 Metaspace       used 63835K, committed 65600K, reserved 1114112K
  class space    used 7368K, committed 8192K, reserved 1048576K
}
Event: 121.375 GC heap before
{Heap before GC invocations=163 (full 3):
 PSYoungGen      total 16384K, used 16352K [0x00000000d5580000, 0x00000000d6980000, 0x0000000100000000)
  eden space 15360K, 100% used [0x00000000d5580000,0x00000000d6480000,0x00000000d6480000)
  from space 1024K, 96% used [0x00000000d6480000,0x00000000d6578320,0x00000000d6580000)
  to   space 2560K, 0% used [0x00000000d6700000,0x00000000d6700000,0x00000000d6980000)
 ParOldGen       total 102912K, used 93496K [0x0000000080000000, 0x0000000086480000, 0x00000000d5580000)
  object space 102912K, 90% used [0x0000000080000000,0x0000000085b4e190,0x0000000086480000)
 Metaspace       used 63845K, committed 65600K, reserved 1114112K
  class space    used 7368K, committed 8192K, reserved 1048576K
}
Event: 121.379 GC heap after
{Heap after GC invocations=163 (full 3):
 PSYoungGen      total 15872K, used 2540K [0x00000000d5580000, 0x00000000d6d80000, 0x0000000100000000)
  eden space 13312K, 0% used [0x00000000d5580000,0x00000000d5580000,0x00000000d6280000)
  from space 2560K, 99% used [0x00000000d6700000,0x00000000d697b130,0x00000000d6980000)
  to   space 4608K, 0% used [0x00000000d6280000,0x00000000d6280000,0x00000000d6700000)
 ParOldGen       total 102912K, used 94812K [0x0000000080000000, 0x0000000086480000, 0x00000000d5580000)
  object space 102912K, 92% used [0x0000000080000000,0x0000000085c971c0,0x0000000086480000)
 Metaspace       used 63845K, committed 65600K, reserved 1114112K
  class space    used 7368K, committed 8192K, reserved 1048576K
}

Dll operation events (20 events):
Event: 2.288 Attempting to load shared library C:\Users\ALBIN\.vscode\extensions\redhat.java-1.56.0-win32-x64\jre\21.0.12.1-win32-x86_64\bin\nio.dll
Event: 2.289 Loaded shared library C:\Users\ALBIN\.vscode\extensions\redhat.java-1.56.0-win32-x64\jre\21.0.12.1-win32-x86_64\bin\nio.dll
Event: 2.293 Attempting to load shared library C:\Users\ALBIN\.vscode\extensions\redhat.java-1.56.0-win32-x64\jre\21.0.12.1-win32-x86_64\bin\zip.dll
Event: 2.293 Loaded shared library C:\Users\ALBIN\.vscode\extensions\redhat.java-1.56.0-win32-x64\jre\21.0.12.1-win32-x86_64\bin\zip.dll
Event: 3.341 Attempting to load shared library C:\Users\ALBIN\.vscode\extensions\redhat.java-1.56.0-win32-x64\jre\21.0.12.1-win32-x86_64\bin\jimage.dll
Event: 3.341 Loaded shared library C:\Users\ALBIN\.vscode\extensions\redhat.java-1.56.0-win32-x64\jre\21.0.12.1-win32-x86_64\bin\jimage.dll
Event: 9.017 Attempting to load shared library c:\Users\ALBIN\.vscode\extensions\redhat.java-1.56.0-win32-x64\jre\21.0.12.1-win32-x86_64\bin\verify.dll
Event: 9.084 Loaded shared library c:\Users\ALBIN\.vscode\extensions\redhat.java-1.56.0-win32-x64\jre\21.0.12.1-win32-x86_64\bin\verify.dll
Event: 27.537 Attempting to load shared library C:\Users\ALBIN\AppData\Roaming\Code\User\globalStorage\redhat.java\1.56.0\config_win\org.eclipse.equinox.launcher\org.eclipse.equinox.launcher.win32.win32.x86_64_1.3.100.v20260804-1928\eclipse_11924.dll
Event: 27.539 Loaded shared library C:\Users\ALBIN\AppData\Roaming\Code\User\globalStorage\redhat.java\1.56.0\config_win\org.eclipse.equinox.launcher\org.eclipse.equinox.launcher.win32.win32.x86_64_1.3.100.v20260804-1928\eclipse_11924.dll
Event: 41.356 Attempting to load shared library C:\Users\ALBIN\AppData\Local\Temp\jna-62358748\jna16299509531973170172.dll
Event: 41.511 Loaded shared library C:\Users\ALBIN\AppData\Local\Temp\jna-62358748\jna16299509531973170172.dll
Event: 88.087 Attempting to load shared library C:\Users\ALBIN\.gradle\native\660c5614fbf4a5f2a75b1949f50a0caf5cd603558e7d8a26e50b933a0cfb79d1\windows-amd64\native-platform.dll
Event: 88.087 Loaded shared library C:\Users\ALBIN\.gradle\native\660c5614fbf4a5f2a75b1949f50a0caf5cd603558e7d8a26e50b933a0cfb79d1\windows-amd64\native-platform.dll
Event: 89.262 Attempting to load shared library C:\Users\ALBIN\.vscode\extensions\redhat.java-1.56.0-win32-x64\jre\21.0.12.1-win32-x86_64\bin\management.dll
Event: 89.264 Loaded shared library C:\Users\ALBIN\.vscode\extensions\redhat.java-1.56.0-win32-x64\jre\21.0.12.1-win32-x86_64\bin\management.dll
Event: 89.267 Attempting to load shared library C:\Users\ALBIN\.vscode\extensions\redhat.java-1.56.0-win32-x64\jre\21.0.12.1-win32-x86_64\bin\management_ext.dll
Event: 89.268 Loaded shared library C:\Users\ALBIN\.vscode\extensions\redhat.java-1.56.0-win32-x64\jre\21.0.12.1-win32-x86_64\bin\management_ext.dll
Event: 103.982 Attempting to load shared library C:\Users\ALBIN\.vscode\extensions\redhat.java-1.56.0-win32-x64\jre\21.0.12.1-win32-x86_64\bin\extnet.dll
Event: 103.982 Loaded shared library C:\Users\ALBIN\.vscode\extensions\redhat.java-1.56.0-win32-x64\jre\21.0.12.1-win32-x86_64\bin\extnet.dll

Deoptimization events (20 events):
Event: 119.800 Thread 0x00000231c1844da0 DEOPT PACKING pc=0x00000231ee23a908 sp=0x000000d540cfe790
Event: 119.800 Thread 0x00000231c1844da0 DEOPT UNPACKING pc=0x00000231ed4e3aa2 sp=0x000000d540cfe720 mode 2
Event: 120.838 Thread 0x00000231c4747070 Uncommon trap: trap_request=0xffffffbe fr.pc=0x00000231ee264390 relative=0x00000000000002b0
Event: 120.838 Thread 0x00000231c4747070 Uncommon trap: reason=profile_predicate action=maybe_recompile pc=0x00000231ee264390 method=com.google.common.base.CharMatcher.indexIn(Ljava/lang/CharSequence;I)I @ 19 c2
Event: 120.838 Thread 0x00000231c4747070 DEOPT PACKING pc=0x00000231ee264390 sp=0x000000d544efec40
Event: 120.838 Thread 0x00000231c4747070 DEOPT UNPACKING pc=0x00000231ed4e3aa2 sp=0x000000d544efebd0 mode 2
Event: 120.838 Thread 0x00000231c4747070 Uncommon trap: trap_request=0xffffffbe fr.pc=0x00000231ee264390 relative=0x00000000000002b0
Event: 120.838 Thread 0x00000231c4747070 Uncommon trap: reason=profile_predicate action=maybe_recompile pc=0x00000231ee264390 method=com.google.common.base.CharMatcher.indexIn(Ljava/lang/CharSequence;I)I @ 19 c2
Event: 120.838 Thread 0x00000231c4747070 DEOPT PACKING pc=0x00000231ee264390 sp=0x000000d544efec40
Event: 120.838 Thread 0x00000231c4747070 DEOPT UNPACKING pc=0x00000231ed4e3aa2 sp=0x000000d544efebd0 mode 2
Event: 120.838 Thread 0x00000231c4747070 Uncommon trap: trap_request=0xffffffbe fr.pc=0x00000231ee264390 relative=0x00000000000002b0
Event: 120.838 Thread 0x00000231c4747070 Uncommon trap: reason=profile_predicate action=maybe_recompile pc=0x00000231ee264390 method=com.google.common.base.CharMatcher.indexIn(Ljava/lang/CharSequence;I)I @ 19 c2
Event: 120.838 Thread 0x00000231c4747070 DEOPT PACKING pc=0x00000231ee264390 sp=0x000000d544efec40
Event: 120.838 Thread 0x00000231c4747070 DEOPT UNPACKING pc=0x00000231ed4e3aa2 sp=0x000000d544efebd0 mode 2
Event: 120.838 Thread 0x00000231c4747070 Uncommon trap: trap_request=0xffffffbe fr.pc=0x00000231ee264390 relative=0x00000000000002b0
Event: 120.838 Thread 0x00000231c4747070 Uncommon trap: reason=profile_predicate action=maybe_recompile pc=0x00000231ee264390 method=com.google.common.base.CharMatcher.indexIn(Ljava/lang/CharSequence;I)I @ 19 c2
Event: 120.838 Thread 0x00000231c4747070 DEOPT PACKING pc=0x00000231ee264390 sp=0x000000d544efec40
Event: 120.838 Thread 0x00000231c4747070 DEOPT UNPACKING pc=0x00000231ed4e3aa2 sp=0x000000d544efebd0 mode 2
Event: 121.192 Thread 0x00000231c3aadde0 DEOPT PACKING pc=0x00000231e72fe9be sp=0x000000d5498fe9a0
Event: 121.192 Thread 0x00000231c3aadde0 DEOPT UNPACKING pc=0x00000231ed4e4242 sp=0x000000d5498fdef8 mode 0

Classes loaded (20 events):
Event: 107.106 Loading class java/util/Scanner
Event: 107.107 Loading class java/util/Scanner done
Event: 107.108 Loading class java/util/Scanner$PatternLRUCache
Event: 107.109 Loading class java/util/Scanner$PatternLRUCache done
Event: 111.069 Loading class java/util/regex/Matcher$ImmutableMatchResult
Event: 111.070 Loading class java/util/regex/Matcher$ImmutableMatchResult done
Event: 111.242 Loading class java/util/concurrent/ConcurrentLinkedQueue$Itr
Event: 111.242 Loading class java/util/concurrent/ConcurrentLinkedQueue$Itr done
Event: 111.247 Loading class java/util/AbstractList$RandomAccessSubList
Event: 111.247 Loading class java/util/AbstractList$SubList
Event: 111.248 Loading class java/util/AbstractList$SubList done
Event: 111.250 Loading class java/util/AbstractList$RandomAccessSubList done
Event: 111.250 Loading class java/util/AbstractList$SubList$1
Event: 111.250 Loading class java/util/AbstractList$SubList$1 done
Event: 111.251 Loading class java/util/LinkedList$LLSpliterator
Event: 111.252 Loading class java/util/LinkedList$LLSpliterator done
Event: 111.268 Loading class sun/nio/ch/ChannelOutputStream
Event: 111.268 Loading class sun/nio/ch/ChannelOutputStream done
Event: 111.269 Loading class sun/nio/fs/WindowsFileCopy
Event: 111.270 Loading class sun/nio/fs/WindowsFileCopy done

Classes unloaded (8 events):
Event: 44.157 Thread 0x00000231e2e1c740 Unloading class 0x00000231811ad400 'java/lang/invoke/LambdaForm$MH+0x00000231811ad400'
Event: 44.157 Thread 0x00000231e2e1c740 Unloading class 0x00000231811ad000 'java/lang/invoke/LambdaForm$MH+0x00000231811ad000'
Event: 44.157 Thread 0x00000231e2e1c740 Unloading class 0x00000231811acc00 'java/lang/invoke/LambdaForm$MH+0x00000231811acc00'
Event: 44.157 Thread 0x00000231e2e1c740 Unloading class 0x00000231811ac800 'java/lang/invoke/LambdaForm$MH+0x00000231811ac800'
Event: 44.157 Thread 0x00000231e2e1c740 Unloading class 0x00000231811ac400 'java/lang/invoke/LambdaForm$BMH+0x00000231811ac400'
Event: 44.157 Thread 0x00000231e2e1c740 Unloading class 0x00000231811ac000 'java/lang/invoke/LambdaForm$DMH+0x00000231811ac000'
Event: 44.157 Thread 0x00000231e2e1c740 Unloading class 0x00000231811aac00 'java/lang/invoke/LambdaForm$DMH+0x00000231811aac00'
Event: 70.346 Thread 0x00000231e2e1c740 Unloading class 0x0000023181313400 'java/lang/invoke/LambdaForm$DMH+0x0000023181313400'

Classes redefined (0 events):
No events

Internal exceptions (20 events):
Event: 120.820 Thread 0x00000231c1848220 Exception <a 'sun/nio/fs/WindowsException'{0x00000000d57d4b48}> (0x00000000d57d4b48) 
thrown [s\src\hotspot\share\prims\jni.cpp, line 520]
Event: 120.820 Thread 0x00000231c3b2b280 Exception <a 'sun/nio/fs/WindowsException'{0x00000000d57daa10}> (0x00000000d57daa10) 
thrown [s\src\hotspot\share\prims\jni.cpp, line 520]
Event: 120.821 Thread 0x00000231c39a1b80 Exception <a 'sun/nio/fs/WindowsException'{0x00000000d57dd090}> (0x00000000d57dd090) 
thrown [s\src\hotspot\share\prims\jni.cpp, line 520]
Event: 120.821 Thread 0x00000231c4747070 Exception <a 'sun/nio/fs/WindowsException'{0x00000000d57e0c48}> (0x00000000d57e0c48) 
thrown [s\src\hotspot\share\prims\jni.cpp, line 520]
Event: 121.018 Thread 0x00000231c43076a0 Exception <a 'sun/nio/fs/WindowsException'{0x00000000d5eaef98}> (0x00000000d5eaef98) 
thrown [s\src\hotspot\share\prims\jni.cpp, line 520]
Event: 121.195 Thread 0x00000231c250abd0 Exception <a 'sun/nio/fs/WindowsException'{0x00000000d6187668}> (0x00000000d6187668) 
thrown [s\src\hotspot\share\prims\jni.cpp, line 520]
Event: 121.196 Thread 0x00000231c250abd0 Exception <a 'sun/nio/fs/WindowsException'{0x00000000d61a9140}> (0x00000000d61a9140) 
thrown [s\src\hotspot\share\prims\jni.cpp, line 520]
Event: 121.196 Thread 0x00000231c250abd0 Exception <a 'sun/nio/fs/WindowsException'{0x00000000d61b3f90}> (0x00000000d61b3f90) 
thrown [s\src\hotspot\share\prims\jni.cpp, line 520]
Event: 121.197 Thread 0x00000231c250abd0 Exception <a 'sun/nio/fs/WindowsException'{0x00000000d6220a20}> (0x00000000d6220a20) 
thrown [s\src\hotspot\share\prims\jni.cpp, line 520]
Event: 121.198 Thread 0x00000231c250abd0 Exception <a 'sun/nio/fs/WindowsException'{0x00000000d62d3d68}> (0x00000000d62d3d68) 
thrown [s\src\hotspot\share\prims\jni.cpp, line 520]
Event: 121.198 Thread 0x00000231c250abd0 Exception <a 'sun/nio/fs/WindowsException'{0x00000000d62de608}> (0x00000000d62de608) 
thrown [s\src\hotspot\share\prims\jni.cpp, line 520]
Event: 121.199 Thread 0x00000231c250abd0 Exception <a 'sun/nio/fs/WindowsException'{0x00000000d62efe18}> (0x00000000d62efe18) 
thrown [s\src\hotspot\share\prims\jni.cpp, line 520]
Event: 121.199 Thread 0x00000231c250abd0 Exception <a 'sun/nio/fs/WindowsException'{0x00000000d6400ff8}> (0x00000000d6400ff8) 
thrown [s\src\hotspot\share\prims\jni.cpp, line 520]
Event: 121.289 Thread 0x00000231c84bbd70 Exception <a 'sun/nio/fs/WindowsException'{0x00000000d5dfd2a0}> (0x00000000d5dfd2a0) 
thrown [s\src\hotspot\share\prims\jni.cpp, line 520]
Event: 121.290 Thread 0x00000231c84bbd70 Exception <a 'sun/nio/fs/WindowsException'{0x00000000d5dfdb20}> (0x00000000d5dfdb20) 
thrown [s\src\hotspot\share\prims\jni.cpp, line 520]
Event: 121.290 Thread 0x00000231c84bbd70 Exception <a 'sun/nio/fs/WindowsException'{0x00000000d5e076e0}> (0x00000000d5e076e0) 
thrown [s\src\hotspot\share\prims\jni.cpp, line 520]
Event: 121.290 Thread 0x00000231c84bbd70 Exception <a 'sun/nio/fs/WindowsException'{0x00000000d5e07f60}> (0x00000000d5e07f60) 
thrown [s\src\hotspot\share\prims\jni.cpp, line 520]
Event: 121.291 Thread 0x00000231c84bbd70 Exception <a 'sun/nio/fs/WindowsException'{0x00000000d5e09da0}> (0x00000000d5e09da0) 
thrown [s\src\hotspot\share\prims\jni.cpp, line 520]
Event: 121.291 Thread 0x00000231c84bbd70 Exception <a 'sun/nio/fs/WindowsException'{0x00000000d5e0a620}> (0x00000000d5e0a620) 
thrown [s\src\hotspot\share\prims\jni.cpp, line 520]
Event: 121.388 Thread 0x00000231c1845430 Exception <a 'sun/nio/fs/WindowsException'{0x00000000d55ff418}> (0x00000000d55ff418) 
thrown [s\src\hotspot\share\prims\jni.cpp, line 520]

ZGC Phase Switch (0 events):
No events

VM Operations (20 events):
Event: 117.162 Executing safepoint VM operation: ParallelGCFailedAllocation (Allocation Failure)
Event: 117.192 Executing safepoint VM operation: ParallelGCFailedAllocation (Allocation Failure) done
Event: 117.966 Executing safepoint VM operation: ParallelGCFailedAllocation (Allocation Failure)
Event: 118.130 Executing safepoint VM operation: ParallelGCFailedAllocation (Allocation Failure) done
Event: 118.891 Executing safepoint VM operation: ParallelGCFailedAllocation (Allocation Failure)
Event: 118.949 Executing safepoint VM operation: ParallelGCFailedAllocation (Allocation Failure) done
Event: 119.682 Executing safepoint VM operation: ParallelGCFailedAllocation (Allocation Failure)
Event: 119.791 Executing safepoint VM operation: ParallelGCFailedAllocation (Allocation Failure) done
Event: 120.160 Executing safepoint VM operation: ParallelGCFailedAllocation (Allocation Failure)
Event: 120.223 Executing safepoint VM operation: ParallelGCFailedAllocation (Allocation Failure) done
Event: 120.309 Executing safepoint VM operation: ParallelGCFailedAllocation (Allocation Failure)
Event: 120.451 Executing safepoint VM operation: ParallelGCFailedAllocation (Allocation Failure) done
Event: 120.654 Executing safepoint VM operation: ParallelGCFailedAllocation (Allocation Failure)
Event: 120.741 Executing safepoint VM operation: ParallelGCFailedAllocation (Allocation Failure) done
Event: 121.056 Executing safepoint VM operation: ParallelGCFailedAllocation (Allocation Failure)
Event: 121.118 Executing safepoint VM operation: ParallelGCFailedAllocation (Allocation Failure) done
Event: 121.200 Executing safepoint VM operation: ParallelGCFailedAllocation (Allocation Failure)
Event: 121.255 Executing safepoint VM operation: ParallelGCFailedAllocation (Allocation Failure) done
Event: 121.331 Executing safepoint VM operation: ParallelGCFailedAllocation (Allocation Failure)
Event: 121.380 Executing safepoint VM operation: ParallelGCFailedAllocation (Allocation Failure) done

Memory protections (0 events):
No events

Nmethod flushes (20 events):
Event: 101.526 Thread 0x00000231e2e1c740 flushing  nmethod 0x00000231e689fc10
Event: 101.526 Thread 0x00000231e2e1c740 flushing  nmethod 0x00000231e68a0290
Event: 101.526 Thread 0x00000231e2e1c740 flushing  nmethod 0x00000231e68a0f90
Event: 101.526 Thread 0x00000231e2e1c740 flushing  nmethod 0x00000231e68a4390
Event: 101.526 Thread 0x00000231e2e1c740 flushing  nmethod 0x00000231e68a8110
Event: 101.526 Thread 0x00000231e2e1c740 flushing  nmethod 0x00000231e68a8590
Event: 101.526 Thread 0x00000231e2e1c740 flushing  nmethod 0x00000231e68a9d90
Event: 101.526 Thread 0x00000231e2e1c740 flushing  nmethod 0x00000231e6914890
Event: 101.526 Thread 0x00000231e2e1c740 flushing  nmethod 0x00000231e6919f90
Event: 101.526 Thread 0x00000231e2e1c740 flushing  nmethod 0x00000231e6920190
Event: 101.526 Thread 0x00000231e2e1c740 flushing  nmethod 0x00000231e692c810
Event: 101.526 Thread 0x00000231e2e1c740 flushing  nmethod 0x00000231e6933710
Event: 101.526 Thread 0x00000231e2e1c740 flushing  nmethod 0x00000231e6939a10
Event: 101.526 Thread 0x00000231e2e1c740 flushing  nmethod 0x00000231e693bf90
Event: 101.526 Thread 0x00000231e2e1c740 flushing  nmethod 0x00000231e693cc90
Event: 101.526 Thread 0x00000231e2e1c740 flushing  nmethod 0x00000231e693d510
Event: 101.526 Thread 0x00000231e2e1c740 flushing  nmethod 0x00000231e693f910
Event: 101.526 Thread 0x00000231e2e1c740 flushing  nmethod 0x00000231e6971010
Event: 101.526 Thread 0x00000231e2e1c740 flushing  nmethod 0x00000231e6974810
Event: 101.526 Thread 0x00000231e2e1c740 flushing  nmethod 0x00000231e699ad90

Events (20 events):
Event: 121.255 Thread 0x00000231c84be4d0 Thread added: 0x00000231c2502f20
Event: 121.267 Thread 0x00000231c39a8480 Thread exited: 0x00000231c39a8480
Event: 121.267 Thread 0x00000231c84bd7b0 Thread exited: 0x00000231c84bd7b0
Event: 121.272 Thread 0x00000231c3b291b0 Thread exited: 0x00000231c3b291b0
Event: 121.273 Thread 0x00000231c2504ff0 Thread exited: 0x00000231c2504ff0
Event: 121.274 Thread 0x00000231c395b230 Thread exited: 0x00000231c395b230
Event: 121.278 Thread 0x00000231c39ab900 Thread exited: 0x00000231c39ab900
Event: 121.278 Thread 0x00000231e2ccfe20 Thread added: 0x00000231c4d3f9c0
Event: 121.285 Thread 0x00000231c39a0140 Thread exited: 0x00000231c39a0140
Event: 121.285 Thread 0x00000231c250b8f0 Thread exited: 0x00000231c250b8f0
Event: 121.302 Thread 0x00000231c84bbd70 Thread added: 0x00000231c2504960
Event: 121.305 Thread 0x00000231c84beb60 Thread added: 0x00000231c2502200
Event: 121.310 Thread 0x00000231c3f234f0 Thread added: 0x00000231c2504ff0
Event: 121.381 Thread 0x00000231c84c05a0 Thread added: 0x00000231c2508470
Event: 121.386 Thread 0x00000231c3f27000 Thread exited: 0x00000231c3f27000
Event: 121.386 Thread 0x00000231c395aba0 Thread exited: 0x00000231c395aba0
Event: 121.386 Thread 0x00000231c39a28a0 Thread exited: 0x00000231c39a28a0
Event: 121.387 Thread 0x00000231c250c610 Thread exited: 0x00000231c250c610
Event: 121.393 Thread 0x00000231c1845430 Thread added: 0x00000231c2508b00
Event: 121.458 Thread 0x00000231c84bf1f0 Thread added: 0x00000231c2505680


Dynamic libraries:
0x00007ff6db350000 - 0x00007ff6db35e000 	c:\Users\ALBIN\.vscode\extensions\redhat.java-1.56.0-win32-x64\jre\21.0.12.1-win32-x86_64\bin\java.exe
0x00007ffbc0240000 - 0x00007ffbc04a7000 	C:\Windows\SYSTEM32\ntdll.dll
0x00007ffbbfd20000 - 0x00007ffbbfdeb000 	C:\Windows\System32\KERNEL32.DLL
0x00007ffbbd6c0000 - 0x00007ffbbdac2000 	C:\Windows\System32\KERNELBASE.dll
0x00007ffbbdb80000 - 0x00007ffbbdccc000 	C:\Windows\System32\ucrtbase.dll
0x00007ffb94810000 - 0x00007ffb94828000 	c:\Users\ALBIN\.vscode\extensions\redhat.java-1.56.0-win32-x64\jre\21.0.12.1-win32-x86_64\bin\jli.dll
0x00007ffbbf530000 - 0x00007ffbbf6ff000 	C:\Windows\System32\USER32.dll
0x00007ffbbde70000 - 0x00007ffbbde97000 	C:\Windows\System32\win32u.dll
0x00007ffbbf500000 - 0x00007ffbbf52b000 	C:\Windows\System32\GDI32.dll
0x00007ffbbd500000 - 0x00007ffbbd629000 	C:\Windows\System32\gdi32full.dll
0x00007ffbbdad0000 - 0x00007ffbbdb73000 	C:\Windows\System32\msvcp_win.dll
0x00007ffb9b690000 - 0x00007ffb9b6ae000 	c:\Users\ALBIN\.vscode\extensions\redhat.java-1.56.0-win32-x64\jre\21.0.12.1-win32-x86_64\bin\VCRUNTIME140.dll
0x00007ffbab5e0000 - 0x00007ffbab870000 	C:\Windows\WinSxS\amd64_microsoft.windows.common-controls_6595b64144ccf1df_6.0.26100.9278_none_3e0d1ba8e3303201\COMCTL32.dll
0x00007ffbbe170000 - 0x00007ffbbe219000 	C:\Windows\System32\msvcrt.dll
0x00007ffbbe0a0000 - 0x00007ffbbe0d1000 	C:\Windows\System32\IMM32.DLL
0x00007ffba8920000 - 0x00007ffba892c000 	c:\Users\ALBIN\.vscode\extensions\redhat.java-1.56.0-win32-x64\jre\21.0.12.1-win32-x86_64\bin\vcruntime140_1.dll
0x00007ffb4cf00000 - 0x00007ffb4cf8d000 	c:\Users\ALBIN\.vscode\extensions\redhat.java-1.56.0-win32-x64\jre\21.0.12.1-win32-x86_64\bin\msvcp140.dll
0x00007ffaea870000 - 0x00007ffaeb612000 	c:\Users\ALBIN\.vscode\extensions\redhat.java-1.56.0-win32-x64\jre\21.0.12.1-win32-x86_64\bin\server\jvm.dll
0x00007ffbbe810000 - 0x00007ffbbe8cc000 	C:\Windows\System32\ADVAPI32.dll
0x00007ffbbdf60000 - 0x00007ffbbe009000 	C:\Windows\System32\sechost.dll
0x00007ffbbfc00000 - 0x00007ffbbfd18000 	C:\Windows\System32\RPCRT4.dll
0x00007ffbc0170000 - 0x00007ffbc01f0000 	C:\Windows\System32\WS2_32.dll
0x00007ffbbd2c0000 - 0x00007ffbbd31e000 	C:\Windows\SYSTEM32\POWRPROF.dll
0x00007ffbad800000 - 0x00007ffbad836000 	C:\Windows\SYSTEM32\WINMM.dll
0x00007ffbaee70000 - 0x00007ffbaee7b000 	C:\Windows\SYSTEM32\VERSION.dll
0x00007ffbbd2a0000 - 0x00007ffbbd2b5000 	C:\Windows\SYSTEM32\UMPDC.dll
0x00007ffbbc110000 - 0x00007ffbbc12b000 	C:\Windows\SYSTEM32\kernel.appcore.dll
0x00007ffba86c0000 - 0x00007ffba86ca000 	c:\Users\ALBIN\.vscode\extensions\redhat.java-1.56.0-win32-x64\jre\21.0.12.1-win32-x86_64\bin\jimage.dll
0x00007ffbb9740000 - 0x00007ffbb998c000 	C:\Windows\SYSTEM32\DBGHELP.DLL
0x00007ffbbf170000 - 0x00007ffbbf4f5000 	C:\Windows\System32\combase.dll
0x00007ffbbe8e0000 - 0x00007ffbbe9b9000 	C:\Windows\System32\OLEAUT32.dll
0x00007ffba59f0000 - 0x00007ffba5a2b000 	C:\Windows\SYSTEM32\dbgcore.DLL
0x00007ffbbdea0000 - 0x00007ffbbdf4c000 	C:\Windows\System32\bcryptPrimitives.dll
0x00007ffba2ed0000 - 0x00007ffba2edf000 	c:\Users\ALBIN\.vscode\extensions\redhat.java-1.56.0-win32-x64\jre\21.0.12.1-win32-x86_64\bin\instrument.dll
0x00007ffb945f0000 - 0x00007ffb94610000 	c:\Users\ALBIN\.vscode\extensions\redhat.java-1.56.0-win32-x64\jre\21.0.12.1-win32-x86_64\bin\java.dll
0x00007ffbbe9d0000 - 0x00007ffbbf168000 	C:\Windows\System32\SHELL32.dll
0x00007ffbbaee0000 - 0x00007ffbbb78e000 	C:\Windows\SYSTEM32\windows.storage.dll
0x00007ffbc0070000 - 0x00007ffbc016b000 	C:\Windows\System32\SHCORE.dll
0x00007ffbc0000000 - 0x00007ffbc0066000 	C:\Windows\System32\shlwapi.dll
0x00007ffbbd360000 - 0x00007ffbbd389000 	C:\Windows\SYSTEM32\profapi.dll
0x00007ffb8cd30000 - 0x00007ffb8cd48000 	c:\Users\ALBIN\.vscode\extensions\redhat.java-1.56.0-win32-x64\jre\21.0.12.1-win32-x86_64\bin\zip.dll
0x00007ffba2f40000 - 0x00007ffba2f50000 	C:\Users\ALBIN\.vscode\extensions\redhat.java-1.56.0-win32-x64\jre\21.0.12.1-win32-x86_64\bin\net.dll
0x00007ffbb0c60000 - 0x00007ffbb0d8a000 	C:\Windows\SYSTEM32\WINHTTP.dll
0x00007ffbbc6d0000 - 0x00007ffbbc73c000 	C:\Windows\system32\mswsock.dll
0x00007ffb8cd10000 - 0x00007ffb8cd26000 	C:\Users\ALBIN\.vscode\extensions\redhat.java-1.56.0-win32-x64\jre\21.0.12.1-win32-x86_64\bin\nio.dll
0x00007ffba1420000 - 0x00007ffba1430000 	c:\Users\ALBIN\.vscode\extensions\redhat.java-1.56.0-win32-x64\jre\21.0.12.1-win32-x86_64\bin\verify.dll
0x00007ffb8c3e0000 - 0x00007ffb8c425000 	C:\Users\ALBIN\AppData\Roaming\Code\User\globalStorage\redhat.java\1.56.0\config_win\org.eclipse.equinox.launcher\org.eclipse.equinox.launcher.win32.win32.x86_64_1.3.100.v20260804-1928\eclipse_11924.dll
0x00007ffbbe530000 - 0x00007ffbbe6ca000 	C:\Windows\System32\ole32.dll
0x00007ffbbc9c0000 - 0x00007ffbbc9db000 	C:\Windows\SYSTEM32\CRYPTSP.dll
0x00007ffbbc070000 - 0x00007ffbbc0a9000 	C:\Windows\system32\rsaenh.dll
0x00007ffbbc780000 - 0x00007ffbbc7b4000 	C:\Windows\SYSTEM32\USERENV.dll
0x00007ffbbd330000 - 0x00007ffbbd35a000 	C:\Windows\SYSTEM32\bcrypt.dll
0x00007ffbbc9e0000 - 0x00007ffbbc9ec000 	C:\Windows\SYSTEM32\CRYPTBASE.dll
0x00007ffbbbae0000 - 0x00007ffbbbb13000 	C:\Windows\SYSTEM32\IPHLPAPI.DLL
0x00007ffbbf760000 - 0x00007ffbbf76a000 	C:\Windows\System32\NSI.dll
0x00007ffbb5d80000 - 0x00007ffbb5dc9000 	C:\Users\ALBIN\AppData\Local\Temp\jna-62358748\jna16299509531973170172.dll
0x00007ffbbe520000 - 0x00007ffbbe528000 	C:\Windows\System32\PSAPI.DLL
0x00007ffbb0eb0000 - 0x00007ffbb0ecd000 	C:\Windows\SYSTEM32\dhcpcsvc6.DLL
0x00007ffbb0c30000 - 0x00007ffbb0c55000 	C:\Windows\SYSTEM32\dhcpcsvc.DLL
0x00007ffb8c8c0000 - 0x00007ffb8c8e7000 	C:\Users\ALBIN\.gradle\native\660c5614fbf4a5f2a75b1949f50a0caf5cd603558e7d8a26e50b933a0cfb79d1\windows-amd64\native-platform.dll
0x00007ffb9f410000 - 0x00007ffb9f41a000 	C:\Users\ALBIN\.vscode\extensions\redhat.java-1.56.0-win32-x64\jre\21.0.12.1-win32-x86_64\bin\management.dll
0x00007ffb9e390000 - 0x00007ffb9e39c000 	C:\Users\ALBIN\.vscode\extensions\redhat.java-1.56.0-win32-x64\jre\21.0.12.1-win32-x86_64\bin\management_ext.dll
0x00007ffb9f6e0000 - 0x00007ffb9f6e9000 	C:\Users\ALBIN\.vscode\extensions\redhat.java-1.56.0-win32-x64\jre\21.0.12.1-win32-x86_64\bin\extnet.dll

JVMTI agents:
c:\Users\ALBIN\.vscode\extensions\redhat.java-1.56.0-win32-x64\lombok\lombok-1.18.39-4050.jar path:c:\Users\ALBIN\.vscode\extensions\redhat.java-1.56.0-win32-x64\jre\21.0.12.1-win32-x86_64\bin\instrument.dll, loaded, initialized, instrumentlib options:none

dbghelp: loaded successfully - version: 4.0.5 - missing functions: none
symbol engine: initialized successfully - sym options: 0x614 - pdb path: .;c:\Users\ALBIN\.vscode\extensions\redhat.java-1.56.0-win32-x64\jre\21.0.12.1-win32-x86_64\bin;C:\Windows\SYSTEM32;C:\Windows\WinSxS\amd64_microsoft.windows.common-controls_6595b64144ccf1df_6.0.26100.9278_none_3e0d1ba8e3303201;c:\Users\ALBIN\.vscode\extensions\redhat.java-1.56.0-win32-x64\jre\21.0.12.1-win32-x86_64\bin\server;C:\Users\ALBIN\AppData\Roaming\Code\User\globalStorage\redhat.java\1.56.0\config_win\org.eclipse.equinox.launcher\org.eclipse.equinox.launcher.win32.win32.x86_64_1.3.100.v20260804-1928;C:\Users\ALBIN\AppData\Local\Temp\jna-62358748;C:\Users\ALBIN\.gradle\native\660c5614fbf4a5f2a75b1949f50a0caf5cd603558e7d8a26e50b933a0cfb79d1\windows-amd64

VM Arguments:
jvm_args: --add-modules=ALL-SYSTEM --add-opens=java.base/java.util=ALL-UNNAMED --add-opens=java.base/java.lang=ALL-UNNAMED --add-opens=java.base/sun.nio.fs=ALL-UNNAMED -Declipse.application=org.eclipse.jdt.ls.core.id1 -Dosgi.bundles.defaultStartLevel=4 -Declipse.product=org.eclipse.jdt.ls.core.product -Djava.import.generatesMetadataFilesAtProjectRoot=false -Dm2e.project.cache.size=50 -DDetectVMInstallationsJob.disabled=true -Dfile.encoding=utf8 -XX:+UseParallelGC -XX:GCTimeRatio=4 -XX:AdaptiveSizePolicyWeight=90 -Dsun.zip.disableMemoryMapping=true -Xmx2G -Xms100m -Xlog:disable -javaagent:c:\Users\ALBIN\.vscode\extensions\redhat.java-1.56.0-win32-x64\lombok\lombok-1.18.39-4050.jar -XX:+HeapDumpOnOutOfMemoryError -XX:HeapDumpPath=c:\Users\ALBIN\AppData\Roaming\Code\User\workspaceStorage\08ba82f765758e80f1dfaef0f2475030\redhat.java -Daether.dependencyCollector.impl=bf 
java_command: c:\Users\ALBIN\.vscode\extensions\redhat.java-1.56.0-win32-x64\server\plugins\org.eclipse.equinox.launcher_1.8.0.v20260804-1928.jar -configuration c:\Users\ALBIN\AppData\Roaming\Code\User\globalStorage\redhat.java\1.56.0\config_win -data c:\Users\ALBIN\AppData\Roaming\Code\User\workspaceStorage\08ba82f765758e80f1dfaef0f2475030\redhat.java\jdt_ws --stdio
java_class_path (initial): c:\Users\ALBIN\.vscode\extensions\redhat.java-1.56.0-win32-x64\server\plugins\org.eclipse.equinox.launcher_1.8.0.v20260804-1928.jar
Launcher Type: SUN_STANDARD

[Global flags]
    uintx AdaptiveSizePolicyWeight                 = 90                                        {product} {command line}
     intx CICompilerCount                          = 3                                         {product} {ergonomic}
    uintx GCTimeRatio                              = 4                                         {product} {command line}
     bool HeapDumpOnOutOfMemoryError               = true                                   {manageable} {command line}
    ccstr HeapDumpPath                             = c:\Users\ALBIN\AppData\Roaming\Code\User\workspaceStorage\08ba82f765758e80f1dfaef0f2475030\redhat.java         {manageable} {command line}
   size_t InitialHeapSize                          = 104857600                                 {product} {command line}
   size_t MaxHeapSize                              = 2147483648                                {product} {command line}
   size_t MaxNewSize                               = 715653120                                 {product} {ergonomic}
   size_t MinHeapDeltaBytes                        = 524288                                    {product} {ergonomic}
   size_t MinHeapSize                              = 104857600                                 {product} {command line}
   size_t NewSize                                  = 34603008                                  {product} {ergonomic}
    uintx NonNMethodCodeHeapSize                   = 5832780                                {pd product} {ergonomic}
    uintx NonProfiledCodeHeapSize                  = 122912730                              {pd product} {ergonomic}
   size_t OldSize                                  = 70254592                                  {product} {ergonomic}
    uintx ProfiledCodeHeapSize                     = 122912730                              {pd product} {ergonomic}
    uintx ReservedCodeCacheSize                    = 251658240                              {pd product} {ergonomic}
     bool SegmentedCodeCache                       = true                                      {product} {ergonomic}
   size_t SoftMaxHeapSize                          = 2147483648                             {manageable} {ergonomic}
     bool UseCompressedOops                        = true                           {product lp64_product} {ergonomic}
     bool UseLargePagesIndividualAllocation        = false                                  {pd product} {ergonomic}
     bool UseParallelGC                            = true                                      {product} {command line}

Logging:
Log output configuration:
 #0: stdout all=off uptime,level,tags foldmultilines=false
 #1: stderr all=off uptime,level,tags foldmultilines=false

Release file:
JAVA_VERSION="21.0.12.1" 
MODULES="java.base java.compiler java.datatransfer java.xml java.prefs java.desktop java.instrument java.logging java.management java.security.sasl java.naming java.rmi java.management.rmi java.net.http java.scripting java.security.jgss java.transaction.xa java.sql java.sql.rowset java.xml.crypto java.se java.smartcardio jdk.accessibility jdk.internal.jvmstat jdk.attach jdk.charsets jdk.internal.opt jdk.zipfs jdk.compiler jdk.crypto.ec jdk.crypto.cryptoki jdk.crypto.mscapi jdk.dynalink jdk.internal.ed jdk.editpad jdk.hotspot.agent jdk.httpserver jdk.internal.le jdk.internal.vm.ci jdk.internal.vm.compiler jdk.internal.vm.compiler.management jdk.jartool jdk.javadoc jdk.jcmd jdk.management jdk.management.agent jdk.jconsole jdk.jdeps jdk.jdwp.agent jdk.jdi jdk.jfr jdk.jshell jdk.jsobject jdk.jstatd jdk.localedata jdk.management.jfr jdk.naming.dns jdk.naming.rmi jdk.net jdk.nio.mapmode jdk.random jdk.sctp jdk.security.auth jdk.security.jgss jdk.unsupported jdk.unsupported.desktop jdk.xml.dom" 

Environment Variables:
PATH=C:\Program Files\Eclipse Adoptium\jdk-25.0.3.9-hotspot\bin;C:\Program Files\Common Files\Oracle\Java\javapath;C:\Windows\system32;C:\Windows;C:\Windows\System32\Wbem;C:\Windows\System32\WindowsPowerShell\v1.0\;C:\Windows\System32\OpenSSH\;C:\Program Files\Git\cmd;C:\Program Files\nodejs\;C:\Users\ALBIN\AppData\Local\Microsoft\WindowsApps;D:\software\apache-maven-3.9.16-bin\apache-maven-3.9.16\bin;C:\Users\ALBIN\AppData\Local\Python\bin;C:\Users\ALBIN\AppData\Roaming\npm
USERNAME=ALBIN
OS=Windows_NT
PROCESSOR_IDENTIFIER=Intel64 Family 6 Model 142 Stepping 9, GenuineIntel
TMP=C:\Users\ALBIN\AppData\Local\Temp
TEMP=C:\Users\ALBIN\AppData\Local\Temp




Periodic native trim disabled

---------------  S Y S T E M  ---------------

OS:
 Windows 11 , 64 bit Build 26100 (10.0.26100.9444)
OS uptime: 0 days 8:40 hours

CPU: total 4 (initial active 4) (2 cores per cpu, 2 threads per core) family 6 model 142 stepping 9 microcode 0xde, cx8, cmov, fxsr, ht, mmx, 3dnowpref, sse, sse2, sse3, ssse3, sse4.1, sse4.2, popcnt, lzcnt, tsc, tscinvbit, avx, avx2, aes, erms, clmul, bmi1, bmi2, adx, fma, vzeroupper, clflush, clflushopt, rdtscp, f16c
Processor Information for the first 4 processors :
  Max Mhz: 2701, Current Mhz: 2701, Mhz Limit: 2701

Memory: 4k page, system-wide physical 16287M (436M free)
TotalPageFile size 34911M (AvailPageFile size 1M)
current process WorkingSet (physical memory assigned to process): 352M, peak: 360M
current process commit charge ("private bytes"): 417M, peak: 422M

vm_info: OpenJDK 64-Bit Server VM (21.0.12.1+1-LTS) for windows-amd64 JRE (21.0.12.1+1-LTS), built on 2026-08-18T00:00:00Z by "admin" with MS VC++ 17.12 (VS2022)

END.
